I (7521) console: RUNSUITE run_sponza_perf_suite
I (7627) asset: pack sponza: 9 entries, 1321952 bytes
I (7665) sponza_perf: heap after setup: internal free 104375 largest 63488, psram free 3175380 largest 3145728
I (7678) sponza_perf: stage, one core: transform                11132us
I (7762) sponza_perf: stage, one core: whole draw               82455us
I (7805) sponza_perf: stage, one core: stop after setup         42397us
I (7872) sponza_perf: stage, one core: stop after rows          66751us
I (7958) sponza_perf: stage, one core: stop after span setup    85113us
I (8044) sponza_perf: contention: alone  top  54946us  bottom  30633us
I (8104) sponza_perf: contention: at once top  59325us  bottom  35311us  wall  59401us
I (8112) sponza_perf: stage, both cores: empty frame             6493us (0 clusters)
I (8131) sponza_perf: heap after setup: internal free 101211 largest 59392, psram free 3175380 largest 3145728
I (8144) sponza_perf: stage, one core: transform                11041us
I (8227) sponza_perf: stage, one core: whole draw               82390us
I (8270) sponza_perf: stage, one core: stop after setup         42386us
I (8338) sponza_perf: stage, one core: stop after rows          66690us
I (8423) sponza_perf: stage, one core: stop after span setup    85103us
I (8510) sponza_perf: contention: alone  top  54959us  bottom  30703us
I (8570) sponza_perf: contention: at once top  59306us  bottom  35237us  wall  59344us
I (8577) sponza_perf: stage, both cores: empty frame             6393us (0 clusters)
:322:test_sponza_draw_stage_breakdown:PASS
TEST_TIME name=test_sponza_draw_stage_breakdown elapsed_ms=931 stack_free_bytes=860
I (8579) sponza_perf: internal heap: free 101211 largest 59392
I (8599) sponza_perf: TUNE_OK render.cull=1
I (8599) sponza_perf: heap after setup: internal free 101127 largest 59392, psram free 3175380 largest 3145728
I (8600) sponza_perf: === atrium FRAME COST (17371 tris, 16278 verts, 583 clusters, rendered 184x224) ===
I (8601) sponza_perf: MESHLET_CAPTURE build_id=37309ff8f00f-diag pack_crc32=008b8aa6 size=32 cull=1 period_ms=36303 pose_every_ms=5000
I (8747) sponza_perf: atrium t=    0s clusters= 478 tris=14192 | both cores: frame   63650us
I (8748) sponza_perf: ms/frame avg/worst: r3d.cull 0.74/0.7  r3d.transform 6.49/6.4  r3d.draw 50.41/50.4  r3d.upscale 5.91/5.9 | total 63.56
I (8806) sponza_perf: atrium t=    5s clusters= 353 tris=10468 | both cores: frame   56453us
I (8807) sponza_perf: ms/frame avg/worst: r3d.cull 0.69/0.6  r3d.transform 4.80/4.8  r3d.draw 45.04/45.0  r3d.upscale 5.83/5.8 | total 56.37
I (8855) sponza_perf: atrium t=   10s clusters= 238 tris= 7114 | both cores: frame   46486us
I (8856) sponza_perf: ms/frame avg/worst: r3d.cull 0.55/0.5  r3d.transform 3.28/3.2  r3d.draw 36.71/36.7  r3d.upscale 5.87/5.8 | total 46.42
I (8900) sponza_perf: atrium t=   15s clusters= 215 tris= 6362 | both cores: frame   42554us
I (8901) sponza_perf: ms/frame avg/worst: r3d.cull 0.64/0.6  r3d.transform 2.95/2.9  r3d.draw 33.07/33.0  r3d.upscale 5.82/5.8 | total 42.49
I (8960) sponza_perf: atrium t=   20s clusters= 316 tris= 9480 | both cores: frame   57171us
I (8961) sponza_perf: ms/frame avg/worst: r3d.cull 0.68/0.6  r3d.transform 4.26/4.2  r3d.draw 46.25/46.2  r3d.upscale 5.90/5.9 | total 57.10
I (9006) sponza_perf: atrium t=   25s clusters= 190 tris= 5810 | both cores: frame   44366us
I (9007) sponza_perf: ms/frame avg/worst: r3d.cull 0.53/0.5  r3d.transform 2.59/2.5  r3d.draw 35.26/35.2  r3d.upscale 5.91/5.9 | total 44.30
I (9063) sponza_perf: atrium t=   30s clusters= 314 tris= 9360 | both cores: frame   54124us
I (9064) sponza_perf: ms/frame avg/worst: r3d.cull 0.67/0.6  r3d.transform 4.28/4.2  r3d.draw 43.20/43.2  r3d.upscale 5.90/5.9 | total 54.06
I (9131) sponza_perf: atrium t=   35s clusters= 451 tris=13431 | both cores: frame   65244us
I (9132) sponza_perf: ms/frame avg/worst: r3d.cull 0.74/0.7  r3d.transform 6.22/6.2  r3d.draw 52.37/52.3  r3d.upscale 5.84/5.8 | total 65.17
I (9133) sponza_perf: atrium both cores: mean 53756us (18.6 fps before present), worst 65244us
I (9134) sponza_perf: heap after setup: internal free 101127 largest 59392, psram free 3183572 largest 3145728
I (9135) sponza_perf: === atrium_flat FRAME COST (17371 tris, 14925 verts, 570 clusters, rendered 184x224) ===
I (9137) sponza_perf: MESHLET_CAPTURE build_id=37309ff8f00f-diag pack_crc32=008b8aa6 size=32 cull=1 period_ms=36303 pose_every_ms=5000
I (9269) sponza_perf: atrium_flat t=    0s clusters= 471 tris=14309 | both cores: frame   50182us
I (9270) sponza_perf: ms/frame avg/worst: r3d.cull 0.72/0.7  r3d.transform 5.93/5.9  r3d.draw 37.48/37.4  r3d.upscale 5.92/5.9 | total 50.07
I (9315) sponza_perf: atrium_flat t=    5s clusters= 350 tris=10622 | both cores: frame   44076us
I (9316) sponza_perf: ms/frame avg/worst: r3d.cull 0.70/0.7  r3d.transform 4.48/4.4  r3d.draw 32.99/32.9  r3d.upscale 5.82/5.8 | total 44.00
I (9352) sponza_perf: atrium_flat t=   10s clusters= 234 tris= 7114 | both cores: frame   33963us
I (9353) sponza_perf: ms/frame avg/worst: r3d.cull 0.57/0.5  r3d.transform 2.98/2.9  r3d.draw 24.45/24.4  r3d.upscale 5.89/5.8 | total 33.90
I (9385) sponza_perf: atrium_flat t=   15s clusters= 196 tris= 6043 | both cores: frame   30876us
I (9386) sponza_perf: ms/frame avg/worst: r3d.cull 0.62/0.6  r3d.transform 2.54/2.5  r3d.draw 21.86/21.8  r3d.upscale 5.77/5.7 | total 30.81
I (9430) sponza_perf: atrium_flat t=   20s clusters= 314 tris= 9601 | both cores: frame   42615us
I (9431) sponza_perf: ms/frame avg/worst: r3d.cull 0.74/0.7  r3d.transform 3.99/3.9  r3d.draw 31.99/31.9  r3d.upscale 5.82/5.8 | total 42.56
I (9464) sponza_perf: atrium_flat t=   25s clusters= 189 tris= 5847 | both cores: frame   32207us
I (9466) sponza_perf: ms/frame avg/worst: r3d.cull 0.52/0.5  r3d.transform 2.40/2.4  r3d.draw 23.31/23.3  r3d.upscale 5.89/5.8 | total 32.14
I (9508) sponza_perf: atrium_flat t=   30s clusters= 312 tris= 9426 | both cores: frame   40977us
I (9509) sponza_perf: ms/frame avg/worst: r3d.cull 0.75/0.7  r3d.transform 4.00/4.0  r3d.draw 30.21/30.2  r3d.upscale 5.93/5.9 | total 40.91
I (9561) sponza_perf: atrium_flat t=   35s clusters= 442 tris=13467 | both cores: frame   50411us
I (9562) sponza_perf: ms/frame avg/worst: r3d.cull 0.74/0.7  r3d.transform 5.65/5.6  r3d.draw 38.13/38.1  r3d.upscale 5.82/5.8 | total 50.35
I (9563) sponza_perf: atrium_flat both cores: mean 40663us (24.6 fps before present), worst 50411us
I (9564) sponza_perf: heap after setup: internal free 101127 largest 59392, psram free 3249108 largest 3211264
I (9565) sponza_perf: === atrium_lite FRAME COST (8667 tris, 7789 verts, 283 clusters, rendered 184x224) ===
I (9566) sponza_perf: MESHLET_CAPTURE build_id=37309ff8f00f-diag pack_crc32=008b8aa6 size=32 cull=1 period_ms=36303 pose_every_ms=5000
I (9698) sponza_perf: atrium_lite t=    0s clusters= 245 tris= 7493 | both cores: frame   49572us
I (9699) sponza_perf: ms/frame avg/worst: r3d.cull 0.34/0.3  r3d.transform 3.20/3.2  r3d.draw 39.97/39.9  r3d.upscale 5.94/5.9 | total 49.47
I (9746) sponza_perf: atrium_lite t=    5s clusters= 189 tris= 5786 | both cores: frame   45687us
I (9747) sponza_perf: ms/frame avg/worst: r3d.cull 0.45/0.4  r3d.transform 2.51/2.5  r3d.draw 36.78/36.7  r3d.upscale 5.87/5.8 | total 45.61
I (9788) sponza_perf: atrium_lite t=   10s clusters= 140 tris= 4284 | both cores: frame   39285us
I (9789) sponza_perf: ms/frame avg/worst: r3d.cull 0.40/0.4  r3d.transform 1.87/1.8  r3d.draw 30.91/30.9  r3d.upscale 6.02/6.0 | total 39.22
I (9828) sponza_perf: atrium_lite t=   15s clusters= 130 tris= 3945 | both cores: frame   38285us
I (9829) sponza_perf: ms/frame avg/worst: r3d.cull 0.41/0.4  r3d.transform 1.74/1.7  r3d.draw 30.12/30.1  r3d.upscale 5.95/5.9 | total 38.22
I (9877) sponza_perf: atrium_lite t=   20s clusters= 172 tris= 5261 | both cores: frame   45934us
I (9878) sponza_perf: ms/frame avg/worst: r3d.cull 0.43/0.4  r3d.transform 2.25/2.2  r3d.draw 37.18/37.1  r3d.upscale 5.97/5.9 | total 45.84
I (9916) sponza_perf: atrium_lite t=   25s clusters= 110 tris= 3379 | both cores: frame   37547us
I (9918) sponza_perf: ms/frame avg/worst: r3d.cull 0.36/0.3  r3d.transform 1.42/1.4  r3d.draw 29.67/29.6  r3d.upscale 6.02/6.0 | total 37.48
I (9964) sponza_perf: atrium_lite t=   30s clusters= 171 tris= 5300 | both cores: frame   45625us
I (9966) sponza_perf: ms/frame avg/worst: r3d.cull 0.43/0.4  r3d.transform 2.30/2.3  r3d.draw 36.84/36.8  r3d.upscale 5.98/5.9 | total 45.56
I (10017) sponza_perf: atrium_lite t=   35s clusters= 233 tris= 7115 | both cores: frame   50296us
I (10018) sponza_perf: ms/frame avg/worst: r3d.cull 0.44/0.4  r3d.transform 3.14/3.1  r3d.draw 40.77/40.7  r3d.upscale 5.87/5.8 | total 50.23
I (10020) sponza_perf: atrium_lite both cores: mean 44028us (22.7 fps before present), worst 50296us
I (10021) sponza_perf: heap after setup: internal free 101127 largest 59392, psram free 3236820 largest 3211264
I (10022) sponza_perf: === atrium_fitted FRAME COST (8672 tris, 9279 verts, 319 clusters, rendered 184x224) ===
I (10023) sponza_perf: MESHLET_CAPTURE build_id=37309ff8f00f-diag pack_crc32=008b8aa6 size=32 cull=1 period_ms=36303 pose_every_ms=5000
I (10152) sponza_perf: atrium_fitted t=    0s clusters= 275 tris= 7518 | both cores: frame   46797us
I (10153) sponza_perf: ms/frame avg/worst: r3d.cull 0.41/0.4  r3d.transform 3.89/3.8  r3d.draw 36.41/36.4  r3d.upscale 5.97/5.9 | total 46.69
I (10197) sponza_perf: atrium_fitted t=    5s clusters= 206 tris= 5702 | both cores: frame   43113us
I (10198) sponza_perf: ms/frame avg/worst: r3d.cull 0.44/0.4  r3d.transform 2.91/2.9  r3d.draw 33.76/33.7  r3d.upscale 5.91/5.9 | total 43.04
I (10236) sponza_perf: atrium_fitted t=   10s clusters= 135 tris= 3774 | both cores: frame   35813us
I (10237) sponza_perf: ms/frame avg/worst: r3d.cull 0.34/0.3  r3d.transform 1.89/1.8  r3d.draw 27.53/27.5  r3d.upscale 5.97/5.9 | total 35.75
I (10269) sponza_perf: atrium_fitted t=   15s clusters= 103 tris= 2798 | both cores: frame   31139us
I (10270) sponza_perf: ms/frame avg/worst: r3d.cull 0.37/0.3  r3d.transform 1.47/1.4  r3d.draw 23.24/23.2  r3d.upscale 5.97/5.9 | total 31.08
I (10314) sponza_perf: atrium_fitted t=   20s clusters= 190 tris= 5196 | both cores: frame   42294us
I (10315) sponza_perf: ms/frame avg/worst: r3d.cull 0.40/0.4  r3d.transform 2.67/2.6  r3d.draw 33.18/33.1  r3d.upscale 5.97/5.9 | total 42.23
I (10351) sponza_perf: atrium_fitted t=   25s clusters= 121 tris= 3343 | both cores: frame   34346us
I (10352) sponza_perf: ms/frame avg/worst: r3d.cull 0.36/0.3  r3d.transform 1.68/1.6  r3d.draw 26.22/26.2  r3d.upscale 6.01/6.0 | total 34.28
I (10398) sponza_perf: atrium_fitted t=   30s clusters= 190 tris= 5262 | both cores: frame   44748us
I (10399) sponza_perf: ms/frame avg/worst: r3d.cull 0.42/0.4  r3d.transform 2.70/2.7  r3d.draw 35.61/35.6  r3d.upscale 5.94/5.9 | total 44.68
I (10447) sponza_perf: atrium_fitted t=   35s clusters= 262 tris= 7209 | both cores: frame   46720us
I (10448) sponza_perf: ms/frame avg/worst: r3d.cull 0.41/0.4  r3d.transform 3.72/3.7  r3d.draw 36.64/36.6  r3d.upscale 5.88/5.8 | total 46.66
I (10449) sponza_perf: atrium_fitted both cores: mean 40621us (24.6 fps before present), worst 46797us
I (10450) sponza_perf: heap after setup: internal free 101127 largest 59392, psram free 3167188 largest 3145728
I (10452) sponza_perf: === atrium_fitted_full FRAME COST (17133 tris, 17632 verts, 615 clusters, rendered 184x224) ===
I (10453) sponza_perf: MESHLET_CAPTURE build_id=37309ff8f00f-diag pack_crc32=008b8aa6 size=32 cull=1 period_ms=36303 pose_every_ms=5000
I (10601) sponza_perf: atrium_fitted_full t=    0s clusters= 506 tris=14131 | both cores: frame   65491us
I (10602) sponza_perf: ms/frame avg/worst: r3d.cull 0.67/0.6  r3d.transform 7.02/7.0  r3d.draw 51.75/51.7  r3d.upscale 5.93/5.9 | total 65.38
I (10661) sponza_perf: atrium_fitted_full t=    5s clusters= 369 tris=10316 | both cores: frame   57715us
I (10662) sponza_perf: ms/frame avg/worst: r3d.cull 0.67/0.6  r3d.transform 5.30/5.3  r3d.draw 45.76/45.7  r3d.upscale 5.90/5.9 | total 57.64
I (10710) sponza_perf: atrium_fitted_full t=   10s clusters= 231 tris= 6598 | both cores: frame   46471us
I (10711) sponza_perf: ms/frame avg/worst: r3d.cull 0.51/0.5  r3d.transform 3.26/3.2  r3d.draw 36.66/36.6  r3d.upscale 5.96/5.9 | total 46.41
I (10751) sponza_perf: atrium_fitted_full t=   15s clusters= 161 tris= 4512 | both cores: frame   39211us
I (10753) sponza_perf: ms/frame avg/worst: r3d.cull 0.52/0.5  r3d.transform 2.30/2.3  r3d.draw 30.36/30.3  r3d.upscale 5.96/5.9 | total 39.15
I (10811) sponza_perf: atrium_fitted_full t=   20s clusters= 337 tris= 9412 | both cores: frame   56797us
I (10812) sponza_perf: ms/frame avg/worst: r3d.cull 0.63/0.6  r3d.transform 4.72/4.7  r3d.draw 45.46/45.4  r3d.upscale 5.91/5.9 | total 56.73
I (10858) sponza_perf: atrium_fitted_full t=   25s clusters= 208 tris= 5862 | both cores: frame   44719us
I (10859) sponza_perf: ms/frame avg/worst: r3d.cull 0.48/0.4  r3d.transform 2.91/2.9  r3d.draw 35.31/35.3  r3d.upscale 5.95/5.9 | total 44.66
I (10919) sponza_perf: atrium_fitted_full t=   30s clusters= 342 tris= 9569 | both cores: frame   58697us
I (10920) sponza_perf: ms/frame avg/worst: r3d.cull 0.64/0.6  r3d.transform 4.81/4.8  r3d.draw 47.25/47.2  r3d.upscale 5.92/5.9 | total 58.63
I (10988) sponza_perf: atrium_fitted_full t=   35s clusters= 483 tris=13533 | both cores: frame   66141us
I (10989) sponza_perf: ms/frame avg/worst: r3d.cull 0.68/0.6  r3d.transform 6.84/6.8  r3d.draw 52.67/52.6  r3d.upscale 5.88/5.8 | total 66.08
I (10990) sponza_perf: atrium_fitted_full both cores: mean 54405us (18.4 fps before present), worst 66141us
I (10991) sponza_perf: heap after setup: internal free 101127 largest 59392, psram free 3175380 largest 3145728
I (10992) sponza_perf: === atrium_flat_fitted FRAME COST (17133 tris, 16258 verts, 598 clusters, rendered 184x224) ===
I (10994) sponza_perf: MESHLET_CAPTURE build_id=37309ff8f00f-diag pack_crc32=008b8aa6 size=32 cull=1 period_ms=36303 pose_every_ms=5000
I (11125) sponza_perf: atrium_flat_fitted t=    0s clusters= 488 tris=14016 | both cores: frame   48900us
I (11126) sponza_perf: ms/frame avg/worst: r3d.cull 0.66/0.6  r3d.transform 6.44/6.4  r3d.draw 35.73/35.7  r3d.upscale 5.94/5.9 | total 48.79
I (11170) sponza_perf: atrium_flat_fitted t=    5s clusters= 355 tris=10181 | both cores: frame   42609us
I (11171) sponza_perf: ms/frame avg/worst: r3d.cull 0.74/0.7  r3d.transform 4.74/4.7  r3d.draw 31.14/31.1  r3d.upscale 5.90/5.9 | total 42.54
I (11205) sponza_perf: atrium_flat_fitted t=   10s clusters= 222 tris= 6495 | both cores: frame   32899us
I (11206) sponza_perf: ms/frame avg/worst: r3d.cull 0.51/0.5  r3d.transform 3.01/3.0  r3d.draw 23.40/23.4  r3d.upscale 5.91/5.9 | total 32.84
I (11234) sponza_perf: atrium_flat_fitted t=   15s clusters= 153 tris= 4446 | both cores: frame   26496us
I (11235) sponza_perf: ms/frame avg/worst: r3d.cull 0.47/0.4  r3d.transform 2.02/2.0  r3d.draw 17.98/17.9  r3d.upscale 5.94/5.9 | total 26.43
I (11278) sponza_perf: atrium_flat_fitted t=   20s clusters= 321 tris= 9337 | both cores: frame   41136us
I (11279) sponza_perf: ms/frame avg/worst: r3d.cull 0.59/0.5  r3d.transform 4.23/4.2  r3d.draw 30.32/30.3  r3d.upscale 5.92/5.9 | total 41.07
I (11312) sponza_perf: atrium_flat_fitted t=   25s clusters= 205 tris= 5930 | both cores: frame   31986us
I (11313) sponza_perf: ms/frame avg/worst: r3d.cull 0.47/0.4  r3d.transform 2.75/2.7  r3d.draw 22.72/22.7  r3d.upscale 5.96/5.9 | total 31.92
I (11357) sponza_perf: atrium_flat_fitted t=   30s clusters= 334 tris= 9587 | both cores: frame   42371us
I (11358) sponza_perf: ms/frame avg/worst: r3d.cull 0.64/0.6  r3d.transform 4.49/4.4  r3d.draw 31.25/31.2  r3d.upscale 5.91/5.9 | total 42.31
I (11409) sponza_perf: atrium_flat_fitted t=   35s clusters= 466 tris=13412 | both cores: frame   49350us
I (11410) sponza_perf: ms/frame avg/worst: r3d.cull 0.66/0.6  r3d.transform 6.18/6.1  r3d.draw 36.57/36.5  r3d.upscale 5.86/5.8 | total 49.28
I (11411) sponza_perf: atrium_flat_fitted both cores: mean 39468us (25.3 fps before present), worst 49350us
I (11413) sponza_perf: TUNE_OK render.cull=0
I (11413) sponza_perf: heap after setup: internal free 101127 largest 59392, psram free 3175380 largest 3145728
I (11414) sponza_perf: === cull_off FRAME COST (17371 tris, 16278 verts, 583 clusters, rendered 184x224) ===
I (11415) sponza_perf: MESHLET_CAPTURE build_id=37309ff8f00f-diag pack_crc32=008b8aa6 size=32 cull=0 period_ms=36303 pose_every_ms=5000
I (11582) sponza_perf: cull_off t=    0s clusters= 583 tris=17371 | both cores: frame   84856us
I (11583) sponza_perf: ms/frame avg/worst: r3d.cull 0.29/0.2  r3d.transform 7.35/7.3  r3d.draw 71.16/71.1  r3d.upscale 5.93/5.9 | total 84.75
I (11664) sponza_perf: cull_off t=    5s clusters= 583 tris=17371 | both cores: frame   79489us
I (11665) sponza_perf: ms/frame avg/worst: r3d.cull 0.33/0.3  r3d.transform 6.80/6.8  r3d.draw 66.45/66.4  r3d.upscale 5.81/5.8 | total 79.41
I (11733) sponza_perf: cull_off t=   10s clusters= 583 tris=17371 | both cores: frame   66740us
I (11734) sponza_perf: ms/frame avg/worst: r3d.cull 0.33/0.3  r3d.transform 6.18/6.1  r3d.draw 54.32/54.3  r3d.upscale 5.80/5.8 | total 66.64
I (11814) sponza_perf: cull_off t=   15s clusters= 583 tris=17371 | both cores: frame   78479us
I (11815) sponza_perf: ms/frame avg/worst: r3d.cull 0.34/0.3  r3d.transform 6.99/6.9  r3d.draw 65.27/65.2  r3d.upscale 5.80/5.8 | total 78.41
I (11890) sponza_perf: cull_off t=   20s clusters= 583 tris=17371 | both cores: frame   73343us
I (11891) sponza_perf: ms/frame avg/worst: r3d.cull 0.35/0.3  r3d.transform 6.57/6.5  r3d.draw 60.46/60.4  r3d.upscale 5.88/5.8 | total 73.28
I (11959) sponza_perf: cull_off t=   25s clusters= 583 tris=17371 | both cores: frame   66977us
I (11960) sponza_perf: ms/frame avg/worst: r3d.cull 0.32/0.3  r3d.transform 5.96/5.9  r3d.draw 54.77/54.7  r3d.upscale 5.84/5.8 | total 66.91
I (12040) sponza_perf: cull_off t=   30s clusters= 583 tris=17371 | both cores: frame   78461us
I (12041) sponza_perf: ms/frame avg/worst: r3d.cull 0.33/0.3  r3d.transform 6.78/6.7  r3d.draw 65.46/65.4  r3d.upscale 5.81/5.8 | total 78.39
I (12127) sponza_perf: cull_off t=   35s clusters= 583 tris=17371 | both cores: frame   84762us
I (12128) sponza_perf: ms/frame avg/worst: r3d.cull 0.33/0.3  r3d.transform 7.47/7.4  r3d.draw 71.03/71.0  r3d.upscale 5.85/5.8 | total 84.70
I (12129) sponza_perf: cull_off both cores: mean 76638us (13.0 fps before present), worst 84856us
I (12130) sponza_perf: TUNE_OK render.cull=1
:323:test_sponza_frame_cost_along_the_flythrough:PASS
TEST_TIME name=test_sponza_frame_cost_along_the_flythrough elapsed_ms=3552 stack_free_bytes=860
I (12152) sponza_perf: heap after setup: internal free 101127 largest 59392, psram free 3091728 largest 3080192
I (12153) sponza_perf: === motion FRAME COST (17371 tris, 16278 verts, 583 clusters, rendered 184x224) ===
I (12154) sponza_perf: MESHLET_CAPTURE build_id=37309ff8f00f-diag pack_crc32=008b8aa6 size=32 cull=1 period_ms=36303 pose_every_ms=5000
I (12302) sponza_perf: motion t=    0s clusters= 478 tris=14192 | both cores: frame   66577us
I (12304) sponza_perf: ms/frame avg/worst: r3d.cull 0.78/0.7  r3d.transform 6.38/6.3  r3d.draw 51.97/51.9  r3d.resolve 1.02/1.0  r3d.upscale 6.25/6.2 | total 66.43
I (12378) sponza_perf: motion t=    5s clusters= 353 tris=10468 | both cores: frame   72491us
I (12379) sponza_perf: ms/frame avg/worst: r3d.cull 0.70/0.7  r3d.transform 4.90/4.9  r3d.draw 46.42/46.4  r3d.resolve 14.36/14.3  r3d.upscale 5.97/5.9 | total 72.37
I (12443) sponza_perf: motion t=   10s clusters= 238 tris= 7114 | both cores: frame   62591us
I (12444) sponza_perf: ms/frame avg/worst: r3d.cull 0.56/0.5  r3d.transform 3.26/3.2  r3d.draw 38.17/38.1  r3d.resolve 14.49/14.4  r3d.upscale 5.98/5.9 | total 62.48
I (12499) sponza_perf: motion t=   15s clusters= 215 tris= 6362 | both cores: frame   53899us
I (12500) sponza_perf: ms/frame avg/worst: r3d.cull 0.64/0.6  r3d.transform 3.02/3.0  r3d.draw 34.37/34.3  r3d.resolve 9.84/9.8  r3d.upscale 5.89/5.8 | total 53.78
I (12572) sponza_perf: motion t=   20s clusters= 316 tris= 9480 | both cores: frame   70706us
I (12574) sponza_perf: ms/frame avg/worst: r3d.cull 0.67/0.6  r3d.transform 4.26/4.2  r3d.draw 47.50/47.5  r3d.resolve 12.15/12.1  r3d.upscale 5.99/5.9 | total 70.59
I (12636) sponza_perf: motion t=   25s clusters= 190 tris= 5810 | both cores: frame   60461us
I (12637) sponza_perf: ms/frame avg/worst: r3d.cull 0.53/0.5  r3d.transform 2.57/2.5  r3d.draw 36.57/36.5  r3d.resolve 14.69/14.6  r3d.upscale 5.97/5.9 | total 60.35
I (12705) sponza_perf: motion t=   30s clusters= 314 tris= 9360 | both cores: frame   66853us
I (12706) sponza_perf: ms/frame avg/worst: r3d.cull 0.68/0.6  r3d.transform 4.25/4.2  r3d.draw 44.41/44.4  r3d.resolve 11.42/11.4  r3d.upscale 5.96/5.9 | total 66.74
I (12785) sponza_perf: motion t=   35s clusters= 451 tris=13431 | both cores: frame   77577us
I (12786) sponza_perf: ms/frame avg/worst: r3d.cull 0.74/0.7  r3d.transform 6.07/6.0  r3d.draw 53.94/53.9  r3d.resolve 10.71/10.7  r3d.upscale 5.98/5.9 | total 77.46
I (12788) sponza_perf: motion both cores: mean 66394us (15.1 fps before present), worst 77577us
I (12789) sponza_perf: heap after setup: internal free 101127 largest 59392, psram free 3091728 largest 3080192
I (12790) sponza_perf: === motion_moving FRAME COST (17371 tris, 16278 verts, 583 clusters, rendered 184x224) ===
I (12792) sponza_perf: MESHLET_CAPTURE build_id=37309ff8f00f-diag pack_crc32=008b8aa6 size=32 cull=1 period_ms=36303 pose_every_ms=5000
I (12940) sponza_perf: motion_moving t=    0s clusters= 478 tris=14192 | both cores: frame   66646us
I (12941) sponza_perf: ms/frame avg/worst: r3d.cull 0.74/0.7  r3d.transform 6.45/6.4  r3d.draw 52.01/52.0  r3d.resolve 1.01/1.0  r3d.upscale 6.25/6.2 | total 66.49
I (13042) sponza_perf: motion_moving t=    5s clusters= 353 tris=10468 | both cores: frame   98780us
I (13043) sponza_perf: ms/frame avg/worst: r3d.cull 0.70/0.7  r3d.transform 4.91/4.9  r3d.draw 72.33/72.3  r3d.resolve 14.71/14.7  r3d.upscale 5.97/5.9 | total 98.63
I (13127) sponza_perf: motion_moving t=   10s clusters= 238 tris= 7114 | both cores: frame   82303us
I (13128) sponza_perf: ms/frame avg/worst: r3d.cull 0.56/0.5  r3d.transform 3.33/3.3  r3d.draw 57.53/57.5  r3d.resolve 14.74/14.7  r3d.upscale 5.98/5.9 | total 82.15
I (13200) sponza_perf: motion_moving t=   15s clusters= 215 tris= 6362 | both cores: frame   70833us
I (13201) sponza_perf: ms/frame avg/worst: r3d.cull 0.64/0.6  r3d.transform 2.93/2.9  r3d.draw 51.17/51.1  r3d.resolve 10.03/10.0  r3d.upscale 5.89/5.8 | total 70.69
I (13299) sponza_perf: motion_moving t=   20s clusters= 316 tris= 9480 | both cores: frame   96622us
I (13301) sponza_perf: ms/frame avg/worst: r3d.cull 0.68/0.6  r3d.transform 4.34/4.3  r3d.draw 73.03/73.0  r3d.resolve 12.44/12.4  r3d.upscale 5.98/5.9 | total 96.48
I (13381) sponza_perf: motion_moving t=   25s clusters= 190 tris= 5810 | both cores: frame   78731us
I (13382) sponza_perf: ms/frame avg/worst: r3d.cull 0.53/0.5  r3d.transform 2.58/2.5  r3d.draw 54.62/54.6  r3d.resolve 14.86/14.8  r3d.upscale 5.98/5.9 | total 78.60
I (13475) sponza_perf: motion_moving t=   30s clusters= 314 tris= 9360 | both cores: frame   91441us
I (13476) sponza_perf: ms/frame avg/worst: r3d.cull 0.67/0.6  r3d.transform 4.35/4.3  r3d.draw 68.49/68.4  r3d.resolve 11.80/11.8  r3d.upscale 5.96/5.9 | total 91.29
I (13587) sponza_perf: motion_moving t=   35s clusters= 451 tris=13431 | both cores: frame  108735us
I (13588) sponza_perf: ms/frame avg/worst: r3d.cull 0.74/0.7  r3d.transform 6.08/6.0  r3d.draw 84.77/84.7  r3d.resolve 11.01/11.0  r3d.upscale 5.98/5.9 | total 108.60
I (13589) sponza_perf: motion_moving both cores: mean 86761us (11.5 fps before present), worst 108735us
I (13590) sponza_perf: heap after setup: internal free 101127 largest 59392, psram free 3173648 largest 3145728
I (13592) sponza_perf: === placed FRAME COST (17371 tris, 16278 verts, 583 clusters, rendered 184x224) ===
I (13593) sponza_perf: MESHLET_CAPTURE build_id=37309ff8f00f-diag pack_crc32=008b8aa6 size=32 cull=1 period_ms=36303 pose_every_ms=5000
I (13739) sponza_perf: placed t=    0s clusters= 478 tris=14192 | both cores: frame   63890us
I (13740) sponza_perf: ms/frame avg/worst: r3d.cull 0.75/0.7  r3d.transform 6.42/6.4  r3d.draw 50.67/50.6  r3d.upscale 5.92/5.9 | total 63.76
I (13798) sponza_perf: placed t=    5s clusters= 353 tris=10468 | both cores: frame   56508us
I (13799) sponza_perf: ms/frame avg/worst: r3d.cull 0.69/0.6  r3d.transform 4.77/4.7  r3d.draw 45.12/45.1  r3d.upscale 5.83/5.8 | total 56.43
I (13846) sponza_perf: placed t=   10s clusters= 238 tris= 7114 | both cores: frame   46615us
I (13848) sponza_perf: ms/frame avg/worst: r3d.cull 0.55/0.5  r3d.transform 3.27/3.2  r3d.draw 36.85/36.8  r3d.upscale 5.86/5.8 | total 46.54
I (13892) sponza_perf: placed t=   15s clusters= 215 tris= 6362 | both cores: frame   42647us
I (13893) sponza_perf: ms/frame avg/worst: r3d.cull 0.64/0.6  r3d.transform 2.93/2.9  r3d.draw 33.16/33.1  r3d.upscale 5.83/5.8 | total 42.58
I (13951) sponza_perf: placed t=   20s clusters= 316 tris= 9480 | both cores: frame   57146us
I (13952) sponza_perf: ms/frame avg/worst: r3d.cull 0.67/0.6  r3d.transform 4.25/4.2  r3d.draw 46.23/46.2  r3d.upscale 5.91/5.9 | total 57.08
I (13998) sponza_perf: placed t=   25s clusters= 190 tris= 5810 | both cores: frame   44430us
I (13999) sponza_perf: ms/frame avg/worst: r3d.cull 0.52/0.5  r3d.transform 2.59/2.5  r3d.draw 35.34/35.3  r3d.upscale 5.90/5.9 | total 44.36
I (14055) sponza_perf: placed t=   30s clusters= 314 tris= 9360 | both cores: frame   54182us
I (14056) sponza_perf: ms/frame avg/worst: r3d.cull 0.67/0.6  r3d.transform 4.26/4.2  r3d.draw 43.26/43.2  r3d.upscale 5.91/5.9 | total 54.11
I (14122) sponza_perf: placed t=   35s clusters= 451 tris=13431 | both cores: frame   65322us
I (14123) sponza_perf: ms/frame avg/worst: r3d.cull 0.74/0.7  r3d.transform 6.05/6.0  r3d.draw 52.61/52.6  r3d.upscale 5.84/5.8 | total 65.25
I (14125) sponza_perf: placed both cores: mean 53842us (18.6 fps before present), worst 65322us
:324:test_sponza_frame_cost_with_motion:PASS
TEST_TIME name=test_sponza_frame_cost_with_motion elapsed_ms=1993 stack_free_bytes=860
FRAME_WATCH judged 0 of 3 tests

RUNSUITE_COMPLETE name=run_sponza_perf_suite found=1 selected=3 unmatched=0
I (14239) shell: 5.7 fps, 5.7 drawn/s, touch 0.0 points/s 0.0 moved/s
I (14240) shell: ms/frame avg/worst: ui.build 0.01/0.2  ridge.layers 0.10/2.3  ridge.paint 1.64/31.8  ui.paint 0.15/3.4  present 0.49/10.7 | total 2.41
