input_lab: probe 1 random q0 aim 258,47 aim_panel 258,47 first 272,53 settled 272,53 release 272,53 panel_first 272,53 panel_settled 272,53 panel_release 272,53 held 97 idle 8713 samples 90 miss cal 1
input_lab: probe 2 random q0 aim 339,391 aim_panel 339,391 first 329,391 settled 329,391 release 329,391 panel_first 329,391 panel_settled 329,391 panel_release 329,391 held 131 idle 919 samples 128 miss cal 1
input_lab: probe 3 random q0 aim 352,301 aim_panel 352,301 first 332,326 settled 332,326 release 332,326 panel_first 332,326 panel_settled 332,326 panel_release 332,326 held 148 idle 497 samples 128 miss cal 1
input_lab: probe 4 random q0 aim 343,121 aim_panel 343,121 first 343,78 settled 343,79 release 343,79 panel_first 343,78 panel_settled 343,79 panel_release 343,79 held 97 idle 650 samples 90 miss cal 1
input_lab: probe 5 random q0 aim 268,262 aim_panel 268,262 first 286,267 settled 286,267 release 286,267 panel_first 286,267 panel_settled 286,267 panel_release 286,267 held 104 idle 632 samples 119 miss cal 1
input_lab: probe 6 random q0 aim 107,165 aim_panel 107,165 first 104,170 settled 104,170 release 104,170 panel_first 104,170 panel_settled 104,170 panel_release 104,170 held 98 idle 613 samples 90 HIT cal 1
input_lab: probe 7 random q0 aim 74,338 aim_panel 74,338 first 64,348 settled 66,345 release 66,345 panel_first 64,348 panel_settled 66,345 panel_release 66,345 held 131 idle 992 samples 128 miss cal 1
input_lab: probe 8 random q0 aim 304,124 aim_panel 304,124 first 305,107 settled 305,108 release 305,108 panel_first 305,107 panel_settled 305,108 panel_release 305,108 held 104 idle 632 samples 119 miss cal 1
input_lab: probe 9 random q0 aim 91,289 aim_panel 91,289 first 91,316 settled 91,316 release 91,314 panel_first 91,316 panel_settled 91,316 panel_release 91,314 held 129 idle 550 samples 128 miss cal 1
input_lab: probe 10 random q0 aim 276,107 aim_panel 276,107 first 270,109 settled 272,113 release 272,113 panel_first 270,109 panel_settled 272,113 panel_release 272,113 held 112 idle 568 samples 128 HIT cal 1
input_lab: probe 11 random q0 aim 59,272 aim_panel 59,272 first 61,272 settled 61,272 release 61,272 panel_first 61,272 panel_settled 61,272 panel_release 61,272 held 98 idle 631 samples 90 HIT cal 1
input_lab: probe 12 random q0 aim 338,231 aim_panel 338,231 first 340,221 settled 340,220 release 340,220 panel_first 340,221 panel_settled 340,220 panel_release 340,220 held 95 idle 623 samples 109 miss cal 1
input_lab: probe 13 random q0 aim 353,331 aim_panel 353,331 first 340,352 settled 340,352 release 340,352 panel_first 340,352 panel_settled 340,352 panel_release 340,352 held 103 idle 578 samples 119 miss cal 1
input_lab: probe 14 random q0 aim 234,72 aim_panel 234,72 first 236,72 settled 236,72 release 236,72 panel_first 236,72 panel_settled 236,72 panel_release 236,72 held 104 idle 910 samples 119 HIT cal 1
input_lab: probe 15 random q0 aim 201,402 aim_panel 201,402 first 192,397 settled 192,397 release 192,397 panel_first 192,397 panel_settled 192,397 panel_release 192,397 held 114 idle 640 samples 110 miss cal 1
input_lab: probe 16 random q0 aim 272,192 aim_panel 272,192 first 281,199 settled 281,198 release 281,198 panel_first 281,199 panel_settled 281,198 panel_release 281,198 held 120 idle 550 samples 128 miss cal 1
input_lab: probe 17 random q0 aim 281,13 aim_panel 281,13 first 290,24 settled 290,24 release 290,24 panel_first 290,24 panel_settled 290,24 panel_release 290,24 held 80 idle 595 samples 70 miss cal 1
input_lab: probe 18 random q0 aim 269,23 aim_panel 269,23 first 292,27 settled 293,27 release 294,28 panel_first 292,27 panel_settled 293,27 panel_release 294,28 held 129 idle 551 samples 128 miss cal 1
input_lab: probe 19 random q0 aim 151,137 aim_panel 151,137 first 153,141 settled 154,141 release 154,141 panel_first 153,141 panel_settled 154,141 panel_release 154,141 held 120 idle 515 samples 128 HIT cal 1
input_lab: probe 20 random q0 aim 35,221 aim_panel 35,221 first 41,234 settled 41,233 release 41,233 panel_first 41,234 panel_settled 41,233 panel_release 41,233 held 114 idle 631 samples 110 miss cal 1
input_lab: probe 21 random q0 aim 58,314 aim_panel 58,314 first 54,333 settled 54,333 release 54,335 panel_first 54,333 panel_settled 54,333 panel_release 54,335 held 129 idle 577 samples 128 miss cal 1
input_lab: probe 22 random q0 aim 219,104 aim_panel 219,104 first 236,121 settled 236,121 release 236,121 panel_first 236,121 panel_settled 236,121 panel_release 236,121 held 104 idle 587 samples 119 miss cal 1
input_lab: probe 23 random q0 aim 43,149 aim_panel 43,149 first 61,149 settled 58,149 release 54,148 panel_first 61,149 panel_settled 58,149 panel_release 54,148 held 162 idle 685 samples 128 miss cal 1
input_lab: probe 24 random q0 aim 77,380 aim_panel 77,380 first 69,384 settled 69,384 release 69,384 panel_first 69,384 panel_settled 69,384 panel_release 69,384 held 95 idle 829 samples 109 miss cal 1
input_lab: probe 25 random q0 aim 347,210 aim_panel 347,210 first 339,214 settled 339,214 release 339,214 panel_first 339,214 panel_settled 339,214 panel_release 339,214 held 129 idle 514 samples 128 miss cal 1
input_lab: probe 26 random q0 aim 91,113 aim_panel 91,113 first 92,96 settled 92,96 release 92,96 panel_first 92,96 panel_settled 92,96 panel_release 92,96 held 95 idle 604 samples 109 miss cal 1
input_lab: probe 27 random q0 aim 29,204 aim_panel 29,204 first 38,199 settled 38,199 release 37,192 panel_first 38,199 panel_settled 38,199 panel_release 37,192 held 108 idle 515 samples 79 miss cal 1
input_lab: probe 28 random q0 aim 41,274 aim_panel 41,274 first 36,262 settled 36,262 release 36,262 panel_first 36,262 panel_settled 36,262 panel_release 36,262 held 105 idle 578 samples 100 miss cal 1
input_lab: probe 29 random q0 aim 160,99 aim_panel 160,99 first 169,89 settled 169,89 release 169,90 panel_first 169,89 panel_settled 169,89 panel_release 169,90 held 129 idle 938 samples 128 miss cal 1
input_lab: probe 30 random q0 aim 10,200 aim_panel 10,200 first 28,204 settled 28,204 release 28,204 panel_first 28,204 panel_settled 28,204 panel_release 28,204 held 124 idle 541 samples 120 miss cal 1
input_lab: probe 31 random q0 aim 229,307 aim_panel 229,307 first 251,319 settled 251,319 release 251,319 panel_first 251,319 panel_settled 251,319 panel_release 251,319 held 129 idle 632 samples 128 miss cal 1
input_lab: probe 32 random q0 aim 226,256 aim_panel 226,256 first 252,251 settled 252,251 release 252,251 panel_first 252,251 panel_settled 252,251 panel_release 252,251 held 163 idle 532 samples 128 miss cal 1
input_lab: probe 33 random q0 aim 57,159 aim_panel 57,159 first 55,152 settled 55,152 release 55,152 panel_first 55,152 panel_settled 55,152 panel_release 55,152 held 103 idle 631 samples 119 miss cal 1
input_lab: probe 34 random q0 aim 211,116 aim_panel 211,116 first 235,116 settled 235,117 release 235,117 panel_first 235,116 panel_settled 235,117 panel_release 235,117 held 112 idle 551 samples 128 miss cal 1
input_lab: probe 35 random q0 aim 99,250 aim_panel 99,250 first 97,257 settled 96,258 release 96,261 panel_first 97,257 panel_settled 96,258 panel_release 96,261 held 137 idle 522 samples 128 miss cal 1
input_lab: probe 36 random q0 aim 195,377 aim_panel 195,377 first 221,368 settled 216,371 release 215,372 panel_first 221,368 panel_settled 216,371 panel_release 215,372 held 172 idle 658 samples 128 miss cal 1
input_lab: probe 37 random q0 aim 164,274 aim_panel 164,274 first 166,280 settled 166,280 release 166,280 panel_first 166,280 panel_settled 166,280 panel_release 166,280 held 121 idle 595 samples 128 miss cal 1
input_lab: probe 38 random q0 aim 261,105 aim_panel 261,105 first 283,104 settled 283,104 release 282,105 panel_first 283,104 panel_settled 283,104 panel_release 282,105 held 121 idle 559 samples 128 miss cal 1
input_lab: probe 39 random q0 aim 288,319 aim_panel 288,319 first 318,344 settled 318,344 release 318,344 panel_first 318,344 panel_settled 318,344 panel_release 318,344 held 137 idle 649 samples 128 miss cal 1
input_lab: probe 40 random q0 aim 98,104 aim_panel 98,104 first 108,111 settled 108,111 release 108,111 panel_first 108,111 panel_settled 108,111 panel_release 108,111 held 146 idle 641 samples 128 miss cal 1
input_lab: probe 41 random q0 aim 295,424 aim_panel 295,424 first 304,399 settled 304,399 release 304,399 panel_first 304,399 panel_settled 304,399 panel_release 304,399 held 90 idle 722 samples 80 miss cal 1
input_lab: probe 42 random q0 aim 193,209 aim_panel 193,209 first 190,205 settled 190,205 release 190,207 panel_first 190,205 panel_settled 190,205 panel_release 190,207 held 146 idle 532 samples 128 HIT cal 1
input_lab: probe 1 random q1 aim 179,99 aim_panel 269,179 first 193,121 settled 193,121 release 193,121 panel_first 247,193 panel_settled 247,193 panel_release 247,193 held 140 idle 7588 samples 128 miss cal 1
input_lab: probe 2 random q1 aim 55,67 aim_panel 301,55 first 62,98 settled 62,98 release 62,98 panel_first 270,62 panel_settled 270,62 panel_release 270,62 held 88 idle 694 samples 80 miss cal 1
input_lab: probe 3 random q1 aim 273,40 aim_panel 328,273 first 294,54 settled 292,55 release 289,56 panel_first 314,294 panel_settled 313,292 panel_release 312,289 held 124 idle 910 samples 120 miss cal 1
input_lab: probe 4 random q1 aim 203,203 aim_panel 165,203 first 196,242 settled 196,241 release 196,241 panel_first 126,196 panel_settled 127,196 panel_release 127,196 held 141 idle 541 samples 128 miss cal 1
input_lab: probe 5 random q1 aim 123,109 aim_panel 259,123 first 110,106 settled 110,107 release 110,107 panel_first 262,110 panel_settled 261,110 panel_release 261,110 held 95 idle 631 samples 109 miss cal 1
input_lab: probe 6 random q1 aim 96,122 aim_panel 246,96 first 75,122 settled 74,123 release 74,123 panel_first 246,75 panel_settled 245,74 panel_release 245,74 held 95 idle 542 samples 109 miss cal 1
input_lab: probe 7 random q1 aim 203,146 aim_panel 222,203 first 181,184 settled 181,184 release 181,184 panel_first 184,181 panel_settled 184,181 panel_release 184,181 held 86 idle 622 samples 99 miss cal 1
input_lab: probe 8 random q1 aim 350,152 aim_panel 216,350 first 351,175 settled 351,175 release 351,175 panel_first 193,351 panel_settled 193,351 panel_release 193,351 held 122 idle 487 samples 120 miss cal 1
input_lab: probe 9 random q1 aim 395,23 aim_panel 345,395 first 386,36 settled 386,36 release 386,36 panel_first 332,386 panel_settled 332,386 panel_release 332,386 held 71 idle 704 samples 60 miss cal 1
input_lab: probe 10 random q1 aim 116,18 aim_panel 350,116 first 112,47 settled 107,47 release 107,47 panel_first 321,112 panel_settled 321,107 panel_release 321,107 held 112 idle 623 samples 128 miss cal 1
input_lab: probe 11 random q1 aim 95,209 aim_panel 159,95 first 87,232 settled 87,232 release 88,232 panel_first 136,87 panel_settled 136,87 panel_release 136,88 held 138 idle 514 samples 128 miss cal 1
input_lab: probe 12 random q1 aim 217,207 aim_panel 161,217 first 213,238 settled 214,238 release 214,238 panel_first 130,213 panel_settled 130,214 panel_release 130,214 held 95 idle 532 samples 108 miss cal 1
input_lab: probe 13 random q1 aim 59,92 aim_panel 276,59 first 52,81 settled 52,84 release 52,84 panel_first 287,52 panel_settled 284,52 panel_release 284,52 held 105 idle 677 samples 100 miss cal 1
input_lab: probe 14 random q1 aim 261,80 aim_panel 288,261 first 269,106 settled 272,106 release 272,106 panel_first 262,269 panel_settled 262,272 panel_release 262,272 held 129 idle 551 samples 128 miss cal 1
input_lab: probe 15 random q1 aim 334,268 aim_panel 100,334 first 327,289 settled 330,290 release 331,290 panel_first 79,327 panel_settled 78,330 panel_release 78,331 held 152 idle 551 samples 128 miss cal 1
input_lab: probe 16 random q1 aim 296,136 aim_panel 232,296 first 304,159 settled 304,159 release 304,159 panel_first 209,304 panel_settled 209,304 panel_release 209,304 held 95 idle 568 samples 109 miss cal 1
input_lab: probe 17 random q1 aim 230,160 aim_panel 208,230 first 207,188 settled 207,188 release 207,188 panel_first 180,207 panel_settled 180,207 panel_release 180,207 held 104 idle 533 samples 119 miss cal 1
input_lab: probe 18 random q1 aim 275,108 aim_panel 260,275 first 282,130 settled 282,130 release 282,130 panel_first 238,282 panel_settled 238,282 panel_release 238,282 held 129 idle 469 samples 128 miss cal 1
input_lab: probe 19 random q1 aim 163,107 aim_panel 261,163 first 140,116 settled 140,116 release 140,116 panel_first 252,140 panel_settled 252,140 panel_release 252,140 held 121 idle 551 samples 128 miss cal 1
input_lab: probe 20 random q1 aim 69,87 aim_panel 281,69 first 58,84 settled 58,84 release 58,84 panel_first 284,58 panel_settled 284,58 panel_release 284,58 held 95 idle 632 samples 109 miss cal 1
input_lab: probe 21 random q1 aim 235,326 aim_panel 42,235 first 236,327 settled 236,327 release 236,328 panel_first 41,236 panel_settled 41,236 panel_release 40,236 held 126 idle 713 samples 101 HIT cal 1
input_lab: probe 22 random q1 aim 108,132 aim_panel 236,108 first 108,145 settled 108,147 release 108,147 panel_first 223,108 panel_settled 221,108 panel_release 221,108 held 129 idle 613 samples 128 miss cal 1
input_lab: probe 23 random q1 aim 401,50 aim_panel 318,401 first 384,58 settled 384,58 release 384,58 panel_first 310,384 panel_settled 310,384 panel_release 310,384 held 95 idle 640 samples 109 miss cal 1
input_lab: probe 24 random q1 aim 406,240 aim_panel 128,406 first 401,271 settled 401,271 release 401,273 panel_first 97,401 panel_settled 97,401 panel_release 95,401 held 165 idle 506 samples 128 miss cal 1
input_lab: probe 25 random q1 aim 314,87 aim_panel 281,314 first 327,107 settled 327,106 release 326,104 panel_first 261,327 panel_settled 262,327 panel_release 264,326 held 138 idle 649 samples 128 miss cal 1
input_lab: probe 26 random q1 aim 277,248 aim_panel 120,277 first 290,275 settled 288,276 release 288,276 panel_first 93,290 panel_settled 92,288 panel_release 92,288 held 112 idle 605 samples 128 miss cal 1
input_lab: probe 27 random q1 aim 269,271 aim_panel 97,269 first 272,291 settled 272,291 release 272,291 panel_first 77,272 panel_settled 77,272 panel_release 77,272 held 104 idle 632 samples 119 miss cal 1
input_lab: probe 28 random q1 aim 196,278 aim_panel 90,196 first 194,283 settled 194,283 release 194,283 panel_first 85,194 panel_settled 85,194 panel_release 85,194 held 112 idle 505 samples 128 HIT cal 1
input_lab: probe 29 random q1 aim 373,65 aim_panel 303,373 first 365,67 settled 365,67 release 365,67 panel_first 301,365 panel_settled 301,365 panel_release 301,365 held 95 idle 613 samples 109 miss cal 1
input_lab: probe 30 random q1 aim 316,86 aim_panel 282,316 first 317,105 settled 317,105 release 317,105 panel_first 263,317 panel_settled 263,317 panel_release 263,317 held 112 idle 523 samples 128 miss cal 1
input_lab: probe 31 random q1 aim 400,335 aim_panel 33,400 first 397,352 settled 397,352 release 397,352 panel_first 16,397 panel_settled 16,397 panel_release 16,397 held 141 idle 1288 samples 128 miss cal 1
input_lab: probe 32 random q1 aim 324,241 aim_panel 127,324 first 339,260 settled 339,260 release 339,260 panel_first 108,339 panel_settled 108,339 panel_release 108,339 held 120 idle 586 samples 128 miss cal 1
input_lab: probe 33 random q1 aim 270,108 aim_panel 260,270 first 266,107 settled 267,109 release 267,109 panel_first 261,266 panel_settled 259,267 panel_release 259,267 held 104 idle 640 samples 119 HIT cal 1
input_lab: probe 34 random q1 aim 136,159 aim_panel 209,136 first 125,164 settled 125,165 release 125,165 panel_first 204,125 panel_settled 203,125 panel_release 203,125 held 112 idle 604 samples 128 miss cal 1
input_lab: probe 35 random q1 aim 51,291 aim_panel 77,51 first 52,309 settled 52,309 release 52,309 panel_first 59,52 panel_settled 59,52 panel_release 59,52 held 103 idle 757 samples 119 miss cal 1
input_lab: probe 36 random q1 aim 193,270 aim_panel 98,193 first 189,284 settled 186,283 release 186,283 panel_first 84,189 panel_settled 85,186 panel_release 85,186 held 112 idle 613 samples 128 miss cal 1
input_lab: probe 37 random q1 aim 360,15 aim_panel 353,360 first 345,36 settled 344,37 release 344,37 panel_first 332,345 panel_settled 331,344 panel_release 331,344 held 86 idle 650 samples 99 miss cal 1
input_lab: probe 38 random q1 aim 246,302 aim_panel 66,246 first 258,316 settled 256,316 release 255,316 panel_first 52,258 panel_settled 52,256 panel_release 52,255 held 120 idle 595 samples 128 miss cal 1
input_lab: probe 39 random q1 aim 335,243 aim_panel 125,335 first 355,257 settled 355,257 release 355,257 panel_first 111,355 panel_settled 111,355 panel_release 111,355 held 120 idle 523 samples 128 miss cal 1
input_lab: probe 40 random q1 aim 150,25 aim_panel 343,150 first 139,50 settled 139,50 release 139,50 panel_first 318,139 panel_settled 318,139 panel_release 318,139 held 78 idle 793 samples 89 miss cal 1
