input_lab: probe 1 random q0 aim 74,114 aim_panel 74,114 first 65,125 settled 56,116 release 56,116 panel_first 65,125 panel_settled 56,116 panel_release 56,116 held 130 idle 2987 samples 61 miss cal 0
input_lab: probe 2 random q0 aim 223,94 aim_panel 223,94 first 283,72 settled 280,71 release 280,71 panel_first 283,72 panel_settled 280,71 panel_release 280,71 held 116 idle 712 samples 91 miss cal 0
input_lab: probe 3 random q0 aim 285,182 aim_panel 285,182 first 301,186 settled 301,186 release 301,186 panel_first 301,186 panel_settled 301,186 panel_release 301,186 held 97 idle 567 samples 90 miss cal 0
input_lab: probe 4 random q0 aim 193,426 aim_panel 193,426 first 213,447 settled 213,447 release 213,447 panel_first 213,447 panel_settled 213,447 panel_release 213,447 held 114 idle 567 samples 110 miss cal 0
input_lab: probe 5 random q0 aim 117,53 aim_panel 117,53 first 104,31 settled 96,43 release 96,43 panel_first 104,31 panel_settled 96,43 panel_release 96,43 held 104 idle 1043 samples 99 miss cal 0
input_lab: probe 6 random q0 aim 58,383 aim_panel 58,383 first 48,416 settled 48,415 release 48,415 panel_first 48,416 panel_settled 48,415 panel_release 48,415 held 121 idle 523 samples 120 miss cal 0
input_lab: probe 7 random q0 aim 84,51 aim_panel 84,51 first 76,38 settled 76,38 release 76,38 panel_first 76,38 panel_settled 76,38 panel_release 76,38 held 112 idle 936 samples 128 miss cal 0
input_lab: probe 8 random q0 aim 224,113 aim_panel 224,113 first 274,102 settled 271,102 release 271,102 panel_first 274,102 panel_settled 271,102 panel_release 271,102 held 103 idle 476 samples 119 miss cal 0
input_lab: probe 9 random q0 aim 154,130 aim_panel 154,130 first 185,129 settled 185,129 release 185,129 panel_first 185,129 panel_settled 185,129 panel_release 185,129 held 78 idle 459 samples 89 miss cal 0
input_lab: probe 10 random q0 aim 99,290 aim_panel 99,290 first 82,328 settled 82,328 release 82,328 panel_first 82,328 panel_settled 82,328 panel_release 82,328 held 112 idle 424 samples 128 miss cal 0
input_lab: probe 11 random q0 aim 275,130 aim_panel 275,130 first 324,112 settled 324,112 release 324,112 panel_first 324,112 panel_settled 324,112 panel_release 324,112 held 105 idle 432 samples 100 miss cal 0
input_lab: probe 12 random q0 aim 153,392 aim_panel 153,392 first 168,427 settled 168,427 release 168,427 panel_first 168,427 panel_settled 168,427 panel_release 168,427 held 111 idle 541 samples 128 miss cal 0
input_lab: probe 13 random q0 aim 61,49 aim_panel 61,49 first 30,29 settled 30,29 release 30,29 panel_first 30,29 panel_settled 30,29 panel_release 30,29 held 105 idle 657 samples 100 miss cal 0
input_lab: probe 14 random q0 aim 295,382 aim_panel 295,382 first 336,417 settled 336,417 release 336,417 panel_first 336,417 panel_settled 336,417 panel_release 336,417 held 122 idle 504 samples 120 miss cal 0
input_lab: probe 15 random q0 aim 64,399 aim_panel 64,399 first 64,408 settled 61,410 release 60,410 panel_first 64,408 panel_settled 61,410 panel_release 60,410 held 119 idle 539 samples 128 miss cal 0
input_lab: probe 16 random q0 aim 109,157 aim_panel 109,157 first 96,150 settled 100,147 release 100,147 panel_first 96,150 panel_settled 100,147 panel_release 100,147 held 112 idle 424 samples 128 miss cal 0
input_lab: probe 17 random q0 aim 224,343 aim_panel 224,343 first 260,381 settled 257,380 release 255,380 panel_first 260,381 panel_settled 257,380 panel_release 255,380 held 129 idle 477 samples 128 miss cal 0
input_lab: probe 18 random q0 aim 267,370 aim_panel 267,370 first 277,389 settled 277,389 release 277,389 panel_first 277,389 panel_settled 277,389 panel_release 277,389 held 86 idle 505 samples 99 miss cal 0
input_lab: probe 19 random q0 aim 174,238 aim_panel 174,238 first 205,223 settled 205,223 release 205,223 panel_first 205,223 panel_settled 205,223 panel_release 205,223 held 69 idle 431 samples 79 miss cal 0
input_lab: probe 20 random q0 aim 286,197 aim_panel 286,197 first 330,188 settled 330,188 release 330,188 panel_first 330,188 panel_settled 330,188 panel_release 330,188 held 86 idle 504 samples 99 miss cal 0
input_lab: probe 21 random q0 aim 144,226 aim_panel 144,226 first 140,214 settled 150,224 release 156,228 panel_first 140,214 panel_settled 150,224 panel_release 156,228 held 120 idle 451 samples 128 miss cal 0
input_lab: probe 22 random q0 aim 134,183 aim_panel 134,183 first 112,179 settled 114,181 release 114,181 panel_first 112,179 panel_settled 114,181 panel_release 114,181 held 103 idle 432 samples 119 miss cal 0
input_lab: probe 23 random q0 aim 305,95 aim_panel 305,95 first 338,63 settled 338,63 release 338,63 panel_first 338,63 panel_settled 338,63 panel_release 338,63 held 88 idle 666 samples 80 miss cal 0
input_lab: probe 24 random q0 aim 272,27 aim_panel 272,27 first 278,2 settled 280,2 release 280,2 panel_first 278,2 panel_settled 280,2 panel_release 280,2 held 89 idle 584 samples 80 miss cal 0
input_lab: probe 25 random q0 aim 357,44 aim_panel 357,44 first 356,17 settled 356,17 release 356,17 panel_first 356,17 panel_settled 356,17 panel_release 356,17 held 131 idle 649 samples 128 miss cal 0
input_lab: probe 26 random q0 aim 248,185 aim_panel 248,185 first 302,196 settled 302,196 release 302,196 panel_first 302,196 panel_settled 302,196 panel_release 302,196 held 95 idle 657 samples 109 miss cal 0
input_lab: probe 27 random q0 aim 219,130 aim_panel 219,130 first 202,110 settled 212,114 release 212,114 panel_first 202,110 panel_settled 212,114 panel_release 212,114 held 95 idle 477 samples 109 miss cal 0
input_lab: probe 28 random q0 aim 326,119 aim_panel 326,119 first 342,90 settled 342,90 release 342,90 panel_first 342,90 panel_settled 342,90 panel_release 342,90 held 95 idle 495 samples 109 miss cal 0
input_lab: probe 29 random q0 aim 23,259 aim_panel 23,259 first 44,290 settled 44,290 release 44,289 panel_first 44,290 panel_settled 44,290 panel_release 44,289 held 120 idle 486 samples 128 miss cal 0
input_lab: probe 30 random q1 aim 93,212 aim_panel 156,93 first 72,228 settled 72,228 release 72,228 panel_first 140,72 panel_settled 140,72 panel_release 140,72 held 95 idle 2368 samples 109 miss cal 0
input_lab: probe 31 random q1 aim 92,163 aim_panel 205,92 first 94,171 settled 87,168 release 82,168 panel_first 197,94 panel_settled 200,87 panel_release 200,82 held 137 idle 557 samples 128 miss cal 0
input_lab: probe 32 random q1 aim 256,295 aim_panel 73,256 first 264,306 settled 264,306 release 264,306 panel_first 62,264 panel_settled 62,264 panel_release 62,264 held 95 idle 640 samples 109 miss cal 0
input_lab: probe 33 random q1 aim 275,190 aim_panel 178,275 first 289,204 settled 288,208 release 288,208 panel_first 164,289 panel_settled 160,288 panel_release 160,288 held 95 idle 476 samples 109 miss cal 0
input_lab: probe 34 random q1 aim 104,302 aim_panel 66,104 first 85,315 settled 85,318 release 86,317 panel_first 53,85 panel_settled 50,85 panel_release 51,86 held 137 idle 485 samples 128 miss cal 0
input_lab: probe 35 random q1 aim 141,239 aim_panel 129,141 first 138,257 settled 137,261 release 137,261 panel_first 111,138 panel_settled 107,137 panel_release 107,137 held 102 idle 487 samples 118 miss cal 0
input_lab: probe 36 random q1 aim 213,321 aim_panel 47,213 first 201,344 settled 201,344 release 201,344 panel_first 24,201 panel_settled 24,201 panel_release 24,201 held 114 idle 550 samples 110 miss cal 0
input_lab: probe 37 random q1 aim 425,140 aim_panel 228,425 first 443,169 settled 443,169 release 443,169 panel_first 199,443 panel_settled 199,443 panel_release 199,443 held 94 idle 532 samples 108 miss cal 0
input_lab: probe 38 random q1 aim 28,286 aim_panel 82,28 first 8,320 settled 8,303 release 8,302 panel_first 48,8 panel_settled 65,8 panel_release 66,8 held 129 idle 532 samples 128 miss cal 0
input_lab: probe 39 random q1 aim 52,168 aim_panel 200,52 first 41,182 settled 36,182 release 34,184 panel_first 186,41 panel_settled 186,36 panel_release 184,34 held 137 idle 487 samples 128 miss cal 0
input_lab: probe 40 random q1 aim 270,162 aim_panel 206,270 first 318,177 settled 318,177 release 318,177 panel_first 191,318 panel_settled 191,318 panel_release 191,318 held 86 idle 845 samples 99 miss cal 0
input_lab: probe 41 random q1 aim 82,203 aim_panel 165,82 first 53,202 settled 54,202 release 54,202 panel_first 166,53 panel_settled 166,54 panel_release 166,54 held 102 idle 503 samples 119 miss cal 0
input_lab: probe 42 random q1 aim 167,195 aim_panel 173,167 first 136,225 settled 137,225 release 137,225 panel_first 143,136 panel_settled 143,137 panel_release 143,137 held 78 idle 603 samples 89 miss cal 0
input_lab: probe 43 random q1 aim 50,114 aim_panel 254,50 first 36,118 settled 36,118 release 36,118 panel_first 250,36 panel_settled 250,36 panel_release 250,36 held 111 idle 1026 samples 128 miss cal 0
input_lab: probe 44 random q1 aim 224,36 aim_panel 332,224 first 241,53 settled 241,54 release 241,54 panel_first 315,241 panel_settled 314,241 panel_release 314,241 held 69 idle 746 samples 79 miss cal 0
input_lab: probe 45 random q1 aim 349,111 aim_panel 257,349 first 389,119 settled 389,119 release 389,119 panel_first 249,389 panel_settled 249,389 panel_release 249,389 held 86 idle 756 samples 99 miss cal 0
input_lab: probe 46 random q1 aim 296,44 aim_panel 324,296 first 294,36 settled 299,40 release 303,44 panel_first 332,294 panel_settled 328,299 panel_release 324,303 held 112 idle 620 samples 128 miss cal 0
input_lab: probe 47 random q1 aim 383,330 aim_panel 38,383 first 445,344 settled 445,344 release 445,345 panel_first 24,445 panel_settled 24,445 panel_release 23,445 held 156 idle 631 samples 128 miss cal 0
input_lab: probe 48 random q1 aim 138,226 aim_panel 142,138 first 129,239 settled 129,239 release 129,239 panel_first 129,129 panel_settled 129,129 panel_release 129,129 held 86 idle 548 samples 99 miss cal 0
input_lab: probe 49 random q1 aim 427,236 aim_panel 132,427 first 447,296 settled 447,293 release 447,293 panel_first 72,447 panel_settled 75,447 panel_release 75,447 held 120 idle 971 samples 128 miss cal 0
input_lab: probe 1 grid q0 aim 184,438 aim_panel 184,438 first 220,443 settled 222,443 release 222,443 panel_first 220,443 panel_settled 222,443 panel_release 222,443 held 152 idle 3421 samples 112 miss cal 0
input_lab: probe 2 grid q0 aim 271,10 aim_panel 271,10 first 331,18 settled 330,18 release 329,18 panel_first 331,18 panel_settled 330,18 panel_release 329,18 held 122 idle 648 samples 120 miss cal 0
input_lab: probe 3 grid q0 aim 271,224 aim_panel 271,224 first 302,212 settled 302,213 release 302,213 panel_first 302,212 panel_settled 302,213 panel_release 302,213 held 86 idle 594 samples 99 miss cal 0
input_lab: probe 4 grid q0 aim 10,117 aim_panel 10,117 first 45,102 settled 45,95 release 45,93 panel_first 45,102 panel_settled 45,95 panel_release 45,93 held 148 idle 603 samples 128 miss cal 0
input_lab: probe 5 grid q0 aim 184,331 aim_panel 184,331 first 200,370 settled 200,370 release 200,370 panel_first 200,370 panel_settled 200,370 panel_release 200,370 held 86 idle 818 samples 99 miss cal 0
input_lab: probe 6 grid q0 aim 184,10 aim_panel 184,10 first 182,10 settled 181,13 release 181,13 panel_first 182,10 panel_settled 181,13 panel_release 181,13 held 88 idle 603 samples 80 HIT cal 0
input_lab: probe 7 grid q0 aim 97,438 aim_panel 97,438 first 122,447 settled 118,447 release 118,447 panel_first 122,447 panel_settled 118,447 panel_release 118,447 held 105 idle 630 samples 100 miss cal 0
input_lab: probe 8 grid q0 aim 358,117 aim_panel 358,117 first 366,78 settled 366,78 release 366,78 panel_first 366,78 panel_settled 366,78 panel_release 366,78 held 70 idle 577 samples 60 miss cal 0
input_lab: probe 9 grid q0 aim 97,117 aim_panel 97,117 first 68,106 settled 70,107 release 70,107 panel_first 68,106 panel_settled 70,107 panel_release 70,107 held 78 idle 494 samples 89 miss cal 0
input_lab: probe 10 grid q0 aim 358,438 aim_panel 358,438 first 284,119 settled 284,119 release 284,119 panel_first 284,119 panel_settled 284,119 panel_release 284,119 held 78 idle 2671 samples 89 miss cal 0
input_lab: probe 11 grid q0 aim 271,117 aim_panel 271,117 first 297,97 settled 297,98 release 297,98 panel_first 297,97 panel_settled 297,98 panel_release 297,98 held 86 idle 594 samples 99 miss cal 0
input_lab: probe 12 grid q0 aim 97,331 aim_panel 97,331 first 69,366 settled 71,366 release 71,366 panel_first 69,366 panel_settled 71,366 panel_release 71,366 held 95 idle 566 samples 109 miss cal 0
input_lab: probe 13 grid q0 aim 97,224 aim_panel 97,224 first 75,238 settled 77,230 release 79,228 panel_first 75,238 panel_settled 77,230 panel_release 79,228 held 120 idle 505 samples 128 miss cal 0
input_lab: probe 14 grid q0 aim 97,10 aim_panel 97,10 first 76,11 settled 76,11 release 76,11 panel_first 76,11 panel_settled 76,11 panel_release 76,11 held 94 idle 549 samples 108 miss cal 0
input_lab: probe 15 grid q0 aim 271,331 aim_panel 271,331 first 286,339 settled 286,339 release 286,339 panel_first 286,339 panel_settled 286,339 panel_release 286,339 held 78 idle 585 samples 89 miss cal 0
input_lab: probe 16 grid q0 aim 10,331 aim_panel 10,331 first 21,327 settled 21,327 release 23,328 panel_first 21,327 panel_settled 21,327 panel_release 23,328 held 113 idle 513 samples 109 miss cal 0
input_lab: probe 17 grid q0 aim 10,224 aim_panel 10,224 first 13,212 settled 13,214 release 13,214 panel_first 13,212 panel_settled 13,214 panel_release 13,214 held 88 idle 559 samples 80 miss cal 0
input_lab: probe 18 grid q0 aim 10,438 aim_panel 10,438 first 27,244 settled 26,238 release 26,238 panel_first 27,244 panel_settled 26,238 panel_release 26,238 held 94 idle 3337 samples 108 miss cal 0
input_lab: probe 19 grid q0 aim 184,117 aim_panel 184,117 first 176,112 settled 176,112 release 176,112 panel_first 176,112 panel_settled 176,112 panel_release 176,112 held 78 idle 658 samples 89 miss cal 0
input_lab: probe 20 grid q0 aim 358,224 aim_panel 358,224 first 361,204 settled 361,204 release 361,204 panel_first 361,204 panel_settled 361,204 panel_release 361,204 held 69 idle 612 samples 79 miss cal 0
input_lab: probe 21 grid q0 aim 358,331 aim_panel 358,331 first 364,359 settled 364,359 release 364,359 panel_first 364,359 panel_settled 364,359 panel_release 364,359 held 61 idle 514 samples 69 miss cal 0
input_lab: probe 22 grid q0 aim 271,438 aim_panel 271,438 first 318,446 settled 318,446 release 318,446 panel_first 318,446 panel_settled 318,446 panel_release 318,446 held 85 idle 630 samples 98 miss cal 0
input_lab: probe 23 grid q1 aim 438,10 aim_panel 358,438 first 378,48 settled 377,48 release 377,48 panel_first 320,378 panel_settled 320,377 panel_release 320,377 held 102 idle 2576 samples 118 miss cal 0
input_lab: probe 24 grid q1 aim 224,184 aim_panel 184,224 first 256,196 settled 237,215 release 231,222 panel_first 172,256 panel_settled 153,237 panel_release 146,231 held 129 idle 568 samples 128 miss cal 0
input_lab: probe 25 grid q1 aim 10,10 aim_panel 358,10 first 256,252 settled 254,252 release 254,252 panel_first 116,256 panel_settled 116,254 panel_release 116,254 held 78 idle 2042 samples 89 miss cal 0
input_lab: probe 26 grid q1 aim 438,184 aim_panel 184,438 first 447,169 settled 445,170 release 445,170 panel_first 199,447 panel_settled 198,445 panel_release 198,445 held 86 idle 504 samples 99 miss cal 0
input_lab: probe 27 grid q1 aim 117,10 aim_panel 358,117 first 109,51 settled 109,51 release 109,51 panel_first 317,109 panel_settled 317,109 panel_release 317,109 held 78 idle 657 samples 89 miss cal 0
input_lab: probe 28 grid q1 aim 331,97 aim_panel 271,331 first 370,119 settled 366,125 release 366,125 panel_first 249,370 panel_settled 243,366 panel_release 243,366 held 78 idle 586 samples 89 miss cal 0
input_lab: probe 29 grid q1 aim 331,358 aim_panel 10,331 first 380,349 settled 380,349 release 379,350 panel_first 19,380 panel_settled 19,380 panel_release 18,379 held 112 idle 855 samples 128 miss cal 0
input_lab: probe 30 grid q1 aim 10,358 aim_panel 10,10 first 138,176 settled 138,176 release 138,176 panel_first 192,138 panel_settled 192,138 panel_release 192,138 held 61 idle 926 samples 69 miss cal 0
input_lab: probe 31 grid q1 aim 438,271 aim_panel 97,438 first 442,310 settled 442,310 release 442,310 panel_first 58,442 panel_settled 58,442 panel_release 58,442 held 86 idle 450 samples 99 miss cal 0
input_lab: probe 32 grid q1 aim 10,97 aim_panel 271,10 first 32,79 settled 31,80 release 31,80 panel_first 289,32 panel_settled 288,31 panel_release 288,31 held 69 idle 611 samples 79 miss cal 0
input_lab: probe 33 grid q1 aim 10,271 aim_panel 97,10 first 18,293 settled 17,295 release 17,295 panel_first 75,18 panel_settled 73,17 panel_release 73,17 held 78 idle 584 samples 89 miss cal 0
input_lab: probe 34 grid q1 aim 224,97 aim_panel 271,224 first 245,84 settled 245,84 release 245,84 panel_first 284,245 panel_settled 284,245 panel_release 284,245 held 61 idle 568 samples 69 miss cal 0
input_lab: probe 35 grid q1 aim 224,184 aim_panel 184,224 first 260,210 settled 260,210 release 260,210 panel_first 158,260 panel_settled 158,260 panel_release 158,260 held 78 idle 476 samples 89 miss cal 0
input_lab: probe 36 grid q1 aim 331,10 aim_panel 358,331 first 410,4 settled 409,4 release 409,4 panel_first 364,410 panel_settled 364,409 panel_release 364,409 held 69 idle 522 samples 79 miss cal 0
input_lab: probe 37 grid q1 aim 117,97 aim_panel 271,117 first 99,97 settled 99,97 release 99,97 panel_first 271,99 panel_settled 271,99 panel_release 271,99 held 61 idle 639 samples 69 miss cal 0
input_lab: probe 38 grid q1 aim 438,358 aim_panel 10,438 first 447,367 settled 447,367 release 447,367 panel_first 1,447 panel_settled 1,447 panel_release 1,447 held 63 idle 854 samples 50 miss cal 0
input_lab: probe 39 grid q1 aim 224,358 aim_panel 10,224 first 261,367 settled 261,367 release 261,367 panel_first 1,261 panel_settled 1,261 panel_release 1,261 held 86 idle 602 samples 99 miss cal 0
input_lab: probe 40 grid q1 aim 117,271 aim_panel 97,117 first 93,292 settled 93,292 release 93,292 panel_first 76,93 panel_settled 76,93 panel_release 76,93 held 61 idle 496 samples 69 miss cal 0
input_lab: probe 41 grid q1 aim 331,271 aim_panel 97,331 first 377,314 settled 377,314 release 377,314 panel_first 54,377 panel_settled 54,377 panel_release 54,377 held 86 idle 549 samples 99 miss cal 0
input_lab: probe 42 grid q1 aim 10,184 aim_panel 184,10 first 11,232 settled 11,232 release 11,232 panel_first 136,11 panel_settled 136,11 panel_release 136,11 held 78 idle 568 samples 89 miss cal 0
input_lab: probe 43 grid q1 aim 10,10 aim_panel 358,10 first 441,50 settled 441,50 release 441,50 panel_first 318,441 panel_settled 318,441 panel_release 318,441 held 61 idle 783 samples 69 miss cal 0
input_lab: probe 44 grid q1 aim 331,184 aim_panel 184,331 first 396,222 settled 397,216 release 397,216 panel_first 146,396 panel_settled 152,397 panel_release 152,397 held 111 idle 585 samples 128 miss cal 0
input_lab: probe 45 grid q0 aim 358,10 aim_panel 358,10 first 250,278 settled 249,272 release 249,272 panel_first 250,278 panel_settled 249,272 panel_release 249,272 held 69 idle 3169 samples 79 miss cal 0
input_lab: probe 46 grid q0 aim 97,438 aim_panel 97,438 first 41,340 settled 41,338 release 41,338 panel_first 41,340 panel_settled 41,338 panel_release 41,338 held 78 idle 154 samples 89 miss cal 0
input_lab: probe 47 grid q0 aim 184,331 aim_panel 184,331 first 171,374 settled 171,374 release 171,374 panel_first 171,374 panel_settled 171,374 panel_release 171,374 held 86 idle 450 samples 99 miss cal 0
input_lab: probe 48 grid q0 aim 97,224 aim_panel 97,224 first 104,242 settled 104,243 release 104,243 panel_first 104,242 panel_settled 104,243 panel_release 104,243 held 77 idle 449 samples 89 miss cal 0
input_lab: probe 49 grid q0 aim 184,10 aim_panel 184,10 first 191,46 settled 191,45 release 191,45 panel_first 191,46 panel_settled 191,45 panel_release 191,45 held 86 idle 513 samples 99 miss cal 0
input_lab: probe 50 grid q0 aim 358,117 aim_panel 358,117 first 366,76 settled 366,82 release 366,82 panel_first 366,76 panel_settled 366,82 panel_release 366,82 held 103 idle 467 samples 119 miss cal 0
input_lab: probe 51 grid q0 aim 184,438 aim_panel 184,438 first 196,445 settled 194,445 release 194,445 panel_first 196,445 panel_settled 194,445 panel_release 194,445 held 112 idle 639 samples 128 miss cal 0
input_lab: probe 52 grid q1 aim 438,10 aim_panel 358,438 first 340,367 settled 340,367 release 340,367 panel_first 1,340 panel_settled 1,340 panel_release 1,340 held 137 idle 1849 samples 128 miss cal 0
input_lab: probe 53 grid q1 aim 10,184 aim_panel 184,10 first 342,367 settled 332,367 release 356,367 panel_first 1,342 panel_settled 1,332 panel_release 1,356 held 129 idle 2113 samples 128 miss cal 0
input_lab: probe 54 grid q1 aim 438,97 aim_panel 271,438 first 340,367 settled 314,367 release 304,367 panel_first 1,340 panel_settled 1,314 panel_release 1,304 held 273 idle 90 samples 128 miss cal 0
input_lab: probe 55 grid q1 aim 224,97 aim_panel 271,224 first 218,80 settled 218,80 release 218,80 panel_first 288,218 panel_settled 288,218 panel_release 288,218 held 94 idle 32760 samples 109 miss cal 0
input_lab: probe 56 grid q1 aim 117,358 aim_panel 10,117 first 127,349 settled 127,349 release 127,349 panel_first 19,127 panel_settled 19,127 panel_release 19,127 held 103 idle 692 samples 119 miss cal 0
input_lab: probe 57 grid q1 aim 10,271 aim_panel 97,10 first 46,236 settled 44,236 release 44,236 panel_first 132,46 panel_settled 132,44 panel_release 132,44 held 94 idle 460 samples 109 miss cal 0
input_lab: probe 58 grid q1 aim 224,10 aim_panel 358,224 first 249,15 settled 250,15 release 250,15 panel_first 353,249 panel_settled 353,250 panel_release 353,250 held 86 idle 873 samples 99 miss cal 0
input_lab: probe 59 grid q1 aim 10,97 aim_panel 271,10 first 37,109 settled 36,108 release 36,108 panel_first 259,37 panel_settled 260,36 panel_release 260,36 held 112 idle 540 samples 128 miss cal 0
input_lab: probe 60 grid q1 aim 438,271 aim_panel 97,438 first 447,309 settled 447,309 release 447,309 panel_first 59,447 panel_settled 59,447 panel_release 59,447 held 61 idle 638 samples 69 miss cal 0
input_lab: probe 61 grid q1 aim 117,10 aim_panel 358,117 first 130,4 settled 130,10 release 130,10 panel_first 364,130 panel_settled 358,130 panel_release 358,130 held 112 idle 604 samples 128 miss cal 0
input_lab: probe 62 grid q1 aim 117,271 aim_panel 97,117 first 94,292 settled 92,297 release 92,297 panel_first 76,94 panel_settled 71,92 panel_release 71,92 held 112 idle 513 samples 128 miss cal 0
input_lab: probe 63 grid q1 aim 117,184 aim_panel 184,117 first 101,176 settled 102,177 release 102,177 panel_first 192,101 panel_settled 191,102 panel_release 191,102 held 86 idle 468 samples 99 miss cal 0
input_lab: probe 64 grid q1 aim 331,271 aim_panel 97,331 first 354,297 settled 355,297 release 355,297 panel_first 71,354 panel_settled 71,355 panel_release 71,355 held 86 idle 872 samples 99 miss cal 0
input_lab: probe 1 random q0 aim 187,69 aim_panel 187,69 first 202,36 settled 202,35 release 202,35 panel_first 202,36 panel_settled 202,35 panel_release 202,35 held 133 idle 2431 samples 111 miss cal 0
input_lab: probe 2 random q0 aim 111,92 aim_panel 111,92 first 116,67 settled 116,68 release 116,68 panel_first 116,67 panel_settled 116,68 panel_release 116,68 held 65 idle 568 samples 31 miss cal 0
input_lab: probe 3 random q0 aim 123,409 aim_panel 123,409 first 127,447 settled 127,446 release 127,446 panel_first 127,447 panel_settled 127,446 panel_release 127,446 held 96 idle 619 samples 90 miss cal 0
input_lab: probe 4 random q0 aim 330,93 aim_panel 330,93 first 352,75 settled 352,75 release 352,75 panel_first 352,75 panel_settled 352,75 panel_release 352,75 held 105 idle 540 samples 100 miss cal 0
input_lab: probe 5 random q0 aim 36,381 aim_panel 36,381 first 44,422 settled 38,415 release 38,415 panel_first 44,422 panel_settled 38,415 panel_release 38,415 held 111 idle 539 samples 42 miss cal 0
input_lab: probe 6 random q0 aim 59,226 aim_panel 59,226 first 66,243 settled 64,247 release 64,247 panel_first 66,243 panel_settled 64,247 panel_release 64,247 held 95 idle 423 samples 109 miss cal 0
input_lab: probe 7 random q0 aim 300,351 aim_panel 300,351 first 364,408 settled 363,407 release 363,407 panel_first 364,408 panel_settled 363,407 panel_release 363,407 held 106 idle 521 samples 100 miss cal 0
input_lab: probe 8 random q0 aim 177,110 aim_panel 177,110 first 184,82 settled 184,84 release 184,84 panel_first 184,82 panel_settled 184,84 panel_release 184,84 held 86 idle 505 samples 99 miss cal 0
input_lab: probe 9 random q0 aim 260,271 aim_panel 260,271 first 260,286 settled 260,286 release 260,286 panel_first 260,286 panel_settled 260,286 panel_release 260,286 held 86 idle 450 samples 99 miss cal 0
input_lab: probe 10 random q0 aim 298,397 aim_panel 298,397 first 307,430 settled 307,430 release 307,430 panel_first 307,430 panel_settled 307,430 panel_release 307,430 held 77 idle 467 samples 89 miss cal 0
input_lab: probe 11 random q0 aim 348,282 aim_panel 348,282 first 352,320 settled 352,320 release 352,320 panel_first 352,320 panel_settled 352,320 panel_release 352,320 held 78 idle 503 samples 89 miss cal 0
input_lab: probe 12 random q1 aim 435,344 aim_panel 24,435 first 447,352 settled 447,353 release 447,353 panel_first 16,447 panel_settled 15,447 panel_release 15,447 held 99 idle 1289 samples 71 miss cal 0
input_lab: probe 13 random q1 aim 115,49 aim_panel 319,115 first 110,94 settled 96,77 release 94,66 panel_first 274,110 panel_settled 291,96 panel_release 302,94 held 129 idle 729 samples 128 miss cal 0
input_lab: probe 14 random q1 aim 429,271 aim_panel 97,429 first 447,268 settled 447,268 release 447,268 panel_first 100,447 panel_settled 100,447 panel_release 100,447 held 69 idle 613 samples 79 miss cal 0
input_lab: probe 15 random q1 aim 84,60 aim_panel 308,84 first 76,59 settled 76,59 release 76,59 panel_first 309,76 panel_settled 309,76 panel_release 309,76 held 86 idle 521 samples 99 miss cal 0
input_lab: probe 16 random q1 aim 322,92 aim_panel 276,322 first 358,107 settled 358,107 release 357,107 panel_first 261,358 panel_settled 261,358 panel_release 261,357 held 118 idle 737 samples 128 miss cal 0
input_lab: probe 17 random q1 aim 390,97 aim_panel 271,390 first 438,118 settled 438,118 release 438,118 panel_first 250,438 panel_settled 250,438 panel_release 250,438 held 86 idle 702 samples 99 miss cal 0
input_lab: probe 18 random q1 aim 360,328 aim_panel 40,360 first 389,350 settled 389,350 release 389,350 panel_first 18,389 panel_settled 18,389 panel_release 18,389 held 86 idle 612 samples 99 miss cal 0
input_lab: probe 19 random q1 aim 370,335 aim_panel 33,370 first 418,362 settled 418,362 release 418,362 panel_first 6,418 panel_settled 6,418 panel_release 6,418 held 71 idle 576 samples 60 miss cal 0
input_lab: probe 20 random q1 aim 19,167 aim_panel 201,19 first 14,171 settled 14,172 release 15,174 panel_first 197,14 panel_settled 196,14 panel_release 194,15 held 114 idle 548 samples 110 HIT cal 0
input_lab: probe 21 random q1 aim 236,76 aim_panel 292,236 first 260,87 settled 260,88 release 260,88 panel_first 281,260 panel_settled 280,260 panel_release 280,260 held 78 idle 604 samples 89 miss cal 0
input_lab: probe 22 random q1 aim 17,74 aim_panel 294,17 first 51,53 settled 32,69 release 25,84 panel_first 315,51 panel_settled 299,32 panel_release 284,25 held 187 idle 451 samples 128 miss cal 0
input_lab: probe 23 random q1 aim 384,233 aim_panel 135,384 first 425,246 settled 425,246 release 425,246 panel_first 122,425 panel_settled 122,425 panel_release 122,425 held 94 idle 945 samples 109 miss cal 0
input_lab: probe 24 random q1 aim 69,42 aim_panel 326,69 first 41,55 settled 42,55 release 42,55 panel_first 313,41 panel_settled 313,42 panel_release 313,42 held 69 idle 574 samples 79 miss cal 0
input_lab: probe 25 random q1 aim 321,326 aim_panel 42,321 first 366,334 settled 366,336 release 365,338 panel_first 34,366 panel_settled 32,366 panel_release 30,365 held 112 idle 585 samples 128 miss cal 0
input_lab: probe 26 random q1 aim 223,324 aim_panel 44,223 first 245,327 settled 246,330 release 246,330 panel_first 41,245 panel_settled 38,246 panel_release 38,246 held 103 idle 468 samples 119 miss cal 0
input_lab: probe 27 random q1 aim 108,270 aim_panel 98,108 first 67,296 settled 72,296 release 72,296 panel_first 72,67 panel_settled 72,72 panel_release 72,72 held 112 idle 406 samples 128 miss cal 0
input_lab: probe 28 random q1 aim 400,64 aim_panel 304,400 first 447,56 settled 447,56 release 447,56 panel_first 312,447 panel_settled 312,447 panel_release 312,447 held 69 idle 549 samples 79 miss cal 0
input_lab: probe 29 random q1 aim 356,31 aim_panel 337,356 first 395,19 settled 395,22 release 395,22 panel_first 349,395 panel_settled 346,395 panel_release 346,395 held 95 idle 557 samples 109 miss cal 0
input_lab: probe 30 random q1 aim 75,249 aim_panel 119,75 first 47,275 settled 47,275 release 47,276 panel_first 93,47 panel_settled 93,47 panel_release 92,47 held 120 idle 539 samples 128 miss cal 0
input_lab: probe 31 random q1 aim 417,118 aim_panel 250,417 first 447,102 settled 447,103 release 447,103 panel_first 266,447 panel_settled 265,447 panel_release 265,447 held 103 idle 613 samples 119 miss cal 0
input_lab: probe 32 random q1 aim 411,212 aim_panel 156,411 first 442,259 settled 442,259 release 442,259 panel_first 109,442 panel_settled 109,442 panel_release 109,442 held 94 idle 900 samples 109 miss cal 0
input_lab: probe 33 random q1 aim 267,73 aim_panel 295,267 first 271,83 settled 268,83 release 268,83 panel_first 285,271 panel_settled 285,268 panel_release 285,268 held 102 idle 747 samples 118 miss cal 0
input_lab: probe 34 random q1 aim 148,323 aim_panel 45,148 first 140,357 settled 140,357 release 140,357 panel_first 11,140 panel_settled 11,140 panel_release 11,140 held 103 idle 577 samples 119 miss cal 0
input_lab: probe 35 random q1 aim 163,86 aim_panel 282,163 first 148,112 settled 149,112 release 151,112 panel_first 256,148 panel_settled 256,149 panel_release 256,151 held 120 idle 772 samples 128 miss cal 0
input_lab: probe 36 random q1 aim 11,292 aim_panel 76,11 first 2,304 settled 2,308 release 2,308 panel_first 64,2 panel_settled 60,2 panel_release 60,2 held 122 idle 630 samples 120 miss cal 0
input_lab: probe 37 random q1 aim 33,232 aim_panel 136,33 first 28,257 settled 26,260 release 26,260 panel_first 111,28 panel_settled 108,26 panel_release 108,26 held 103 idle 458 samples 119 miss cal 0
input_lab: probe 38 random q0 aim 234,45 aim_panel 234,45 first 260,6 settled 260,6 release 260,6 panel_first 260,6 panel_settled 260,6 panel_release 260,6 held 111 idle 2322 samples 127 miss cal 0
input_lab: probe 39 random q0 aim 175,383 aim_panel 175,383 first 168,431 settled 169,430 release 169,430 panel_first 168,431 panel_settled 169,430 panel_release 169,430 held 112 idle 819 samples 128 miss cal 0
input_lab: probe 40 random q0 aim 142,64 aim_panel 142,64 first 152,39 settled 152,39 release 152,39 panel_first 152,39 panel_settled 152,39 panel_release 152,39 held 120 idle 1044 samples 128 miss cal 0
input_lab: probe 41 random q0 aim 306,227 aim_panel 306,227 first 339,237 settled 339,237 release 339,237 panel_first 339,237 panel_settled 339,237 panel_release 339,237 held 69 idle 576 samples 79 miss cal 0
input_lab: probe 42 random q0 aim 316,344 aim_panel 316,344 first 339,389 settled 340,389 release 340,389 panel_first 339,389 panel_settled 340,389 panel_release 340,389 held 103 idle 954 samples 119 miss cal 0
input_lab: probe 43 random q0 aim 312,438 aim_panel 312,438 first 342,447 settled 342,447 release 342,447 panel_first 342,447 panel_settled 342,447 panel_release 342,447 held 69 idle 594 samples 79 miss cal 0
input_lab: probe 44 random q0 aim 325,357 aim_panel 325,357 first 338,412 settled 338,412 release 338,412 panel_first 338,412 panel_settled 338,412 panel_release 338,412 held 95 idle 495 samples 109 miss cal 0
input_lab: probe 45 random q0 aim 119,152 aim_panel 119,152 first 84,127 settled 84,129 release 84,129 panel_first 84,127 panel_settled 84,129 panel_release 84,129 held 86 idle 585 samples 99 miss cal 0
input_lab: probe 46 random q0 aim 220,252 aim_panel 220,252 first 260,283 settled 260,283 release 260,283 panel_first 260,283 panel_settled 260,283 panel_release 260,283 held 94 idle 523 samples 109 miss cal 0
input_lab: probe 47 random q0 aim 337,72 aim_panel 337,72 first 355,63 settled 355,63 release 355,63 panel_first 355,63 panel_settled 355,63 panel_release 355,63 held 86 idle 503 samples 99 miss cal 0
input_lab: probe 48 random q0 aim 212,127 aim_panel 212,127 first 237,133 settled 237,133 release 237,133 panel_first 237,133 panel_settled 237,133 panel_release 237,133 held 86 idle 486 samples 99 miss cal 0
input_lab: probe 49 random q0 aim 325,236 aim_panel 325,236 first 338,267 settled 338,267 release 338,267 panel_first 338,267 panel_settled 338,267 panel_release 338,267 held 95 idle 512 samples 109 miss cal 0
input_lab: probe 50 random q0 aim 147,100 aim_panel 147,100 first 128,74 settled 128,74 release 128,74 panel_first 128,74 panel_settled 128,74 panel_release 128,74 held 86 idle 577 samples 99 miss cal 0
input_lab: probe 51 random q0 aim 219,138 aim_panel 219,138 first 253,143 settled 253,148 release 253,148 panel_first 253,143 panel_settled 253,148 panel_release 253,148 held 85 idle 504 samples 98 miss cal 0
input_lab: probe 52 random q0 aim 249,55 aim_panel 249,55 first 280,39 settled 277,39 release 277,39 panel_first 280,39 panel_settled 277,39 panel_release 277,39 held 128 idle 513 samples 128 miss cal 0
input_lab: probe 53 random q0 aim 300,176 aim_panel 300,176 first 348,181 settled 348,181 release 348,181 panel_first 348,181 panel_settled 348,181 panel_release 348,181 held 69 idle 505 samples 79 miss cal 0
input_lab: probe 54 random q0 aim 39,48 aim_panel 39,48 first 47,19 settled 47,23 release 47,23 panel_first 47,19 panel_settled 47,23 panel_release 47,23 held 94 idle 540 samples 109 miss cal 0
input_lab: probe 55 random q0 aim 153,96 aim_panel 153,96 first 146,109 settled 146,109 release 146,109 panel_first 146,109 panel_settled 146,109 panel_release 146,109 held 78 idle 577 samples 89 miss cal 0
input_lab: probe 56 random q0 aim 320,422 aim_panel 320,422 first 362,442 settled 362,442 release 362,442 panel_first 362,442 panel_settled 362,442 panel_release 362,442 held 94 idle 702 samples 109 miss cal 0
input_lab: probe 57 random q0 aim 306,141 aim_panel 306,141 first 334,163 settled 334,163 release 334,163 panel_first 334,163 panel_settled 334,163 panel_release 334,163 held 78 idle 504 samples 89 miss cal 0
input_lab: probe 58 random q0 aim 60,337 aim_panel 60,337 first 64,370 settled 62,373 release 61,375 panel_first 64,370 panel_settled 62,373 panel_release 61,375 held 112 idle 637 samples 128 miss cal 0
input_lab: probe 59 random q0 aim 324,210 aim_panel 324,210 first 352,221 settled 352,221 release 352,221 panel_first 352,221 panel_settled 352,221 panel_release 352,221 held 154 idle 487 samples 128 miss cal 0
input_lab: probe 60 random q0 aim 199,162 aim_panel 199,162 first 239,144 settled 230,147 release 230,147 panel_first 239,144 panel_settled 230,147 panel_release 230,147 held 95 idle 476 samples 109 miss cal 0
input_lab: probe 61 random q0 aim 73,329 aim_panel 73,329 first 48,372 settled 48,372 release 48,372 panel_first 48,372 panel_settled 48,372 panel_release 48,372 held 95 idle 549 samples 109 miss cal 0
input_lab: probe 62 random q0 aim 147,50 aim_panel 147,50 first 192,18 settled 178,25 release 178,25 panel_first 192,18 panel_settled 178,25 panel_release 178,25 held 103 idle 583 samples 119 miss cal 0
input_lab: probe 63 random q0 aim 230,305 aim_panel 230,305 first 270,328 settled 269,329 release 269,329 panel_first 270,328 panel_settled 269,329 panel_release 269,329 held 95 idle 577 samples 109 miss cal 0
input_lab: probe 64 random q0 aim 174,218 aim_panel 174,218 first 183,264 settled 183,264 release 183,264 panel_first 183,264 panel_settled 183,264 panel_release 183,264 held 78 idle 512 samples 89 miss cal 0
input_lab: probe 65 random q0 aim 214,268 aim_panel 214,268 first 242,318 settled 242,318 release 242,318 panel_first 242,318 panel_settled 242,318 panel_release 242,318 held 95 idle 530 samples 109 miss cal 0
input_lab: probe 66 random q0 aim 94,67 aim_panel 94,67 first 98,72 settled 98,72 release 98,72 panel_first 98,72 panel_settled 98,72 panel_release 98,72 held 78 idle 675 samples 89 HIT cal 0
input_lab: probe 67 random q0 aim 199,107 aim_panel 199,107 first 231,98 settled 231,101 release 231,101 panel_first 231,98 panel_settled 231,101 panel_release 231,101 held 95 idle 604 samples 109 miss cal 0
input_lab: probe 68 random q0 aim 246,63 aim_panel 246,63 first 288,28 settled 286,29 release 286,29 panel_first 288,28 panel_settled 286,29 panel_release 286,29 held 86 idle 630 samples 99 miss cal 0
input_lab: probe 69 random q0 aim 191,382 aim_panel 191,382 first 210,412 settled 210,412 release 210,412 panel_first 210,412 panel_settled 210,412 panel_release 210,412 held 78 idle 693 samples 89 miss cal 0
input_lab: probe 70 random q0 aim 60,76 aim_panel 60,76 first 82,55 settled 81,55 release 81,55 panel_first 82,55 panel_settled 81,55 panel_release 81,55 held 154 idle 1834 samples 128 miss cal 0
input_lab: probe 71 random q0 aim 249,90 aim_panel 249,90 first 282,63 settled 277,63 release 271,63 panel_first 282,63 panel_settled 277,63 panel_release 271,63 held 146 idle 1016 samples 128 miss cal 0
input_lab: probe 72 random q0 aim 276,80 aim_panel 276,80 first 324,62 settled 324,62 release 324,62 panel_first 324,62 panel_settled 324,62 panel_release 324,62 held 129 idle 640 samples 128 miss cal 0
input_lab: probe 73 random q0 aim 331,158 aim_panel 331,158 first 357,166 settled 357,166 release 356,162 panel_first 357,166 panel_settled 357,166 panel_release 356,162 held 120 idle 675 samples 128 miss cal 0
input_lab: probe 74 random q0 aim 140,292 aim_panel 140,292 first 118,331 settled 118,331 release 118,330 panel_first 118,331 panel_settled 118,331 panel_release 118,330 held 119 idle 639 samples 128 miss cal 0
input_lab: probe 75 random q0 aim 315,55 aim_panel 315,55 first 342,38 settled 342,39 release 342,39 panel_first 342,38 panel_settled 342,39 panel_release 342,39 held 86 idle 701 samples 99 miss cal 0
input_lab: probe 76 random q1 aim 207,338 aim_panel 30,207 first 241,352 settled 236,352 release 234,353 panel_first 16,241 panel_settled 16,236 panel_release 15,234 held 129 idle 1282 samples 128 miss cal 0
input_lab: probe 77 random q1 aim 47,333 aim_panel 35,47 first 8,366 settled 8,366 release 8,366 panel_first 2,8 panel_settled 2,8 panel_release 2,8 held 88 idle 603 samples 79 miss cal 0
input_lab: probe 78 random q1 aim 33,16 aim_panel 352,33 first 55,38 settled 51,39 release 40,43 panel_first 330,55 panel_settled 329,51 panel_release 325,40 held 120 idle 631 samples 128 miss cal 0
input_lab: probe 1 random q1 aim 173,173 aim_panel 195,173 first 193,177 settled 193,177 release 193,180 panel_first 191,193 panel_settled 191,193 panel_release 188,193 held 215 idle 1218 samples 128 miss cal 0
input_lab: probe 2 random q1 aim 148,285 aim_panel 83,148 first 120,324 settled 120,324 release 116,328 panel_first 44,120 panel_settled 44,120 panel_release 40,116 held 295 idle 1468 samples 128 miss cal 0
input_lab: probe 3 random q1 aim 334,332 aim_panel 36,334 first 382,353 settled 382,353 release 382,353 panel_first 15,382 panel_settled 15,382 panel_release 15,382 held 156 idle 1153 samples 128 miss cal 0
input_lab: probe 4 random q1 aim 31,248 aim_panel 120,31 first 11,270 settled 10,273 release 9,279 panel_first 98,11 panel_settled 95,10 panel_release 89,9 held 177 idle 935 samples 128 miss cal 0
input_lab: probe 5 random q1 aim 62,222 aim_panel 146,62 first 44,246 settled 45,247 release 47,249 panel_first 122,44 panel_settled 121,45 panel_release 119,47 held 137 idle 793 samples 128 miss cal 0
input_lab: probe 6 random q1 aim 18,136 aim_panel 232,18 first 7,141 settled 7,143 release 7,143 panel_first 227,7 panel_settled 225,7 panel_release 225,7 held 130 idle 657 samples 128 miss cal 0
input_lab: probe 7 random q1 aim 428,128 aim_panel 240,428 first 447,150 settled 447,150 release 447,150 panel_first 218,447 panel_settled 218,447 panel_release 218,447 held 88 idle 1044 samples 78 miss cal 0
input_lab: probe 8 random q1 aim 84,98 aim_panel 270,84 first 57,105 settled 57,105 release 57,105 panel_first 263,57 panel_settled 263,57 panel_release 263,57 held 113 idle 910 samples 108 miss cal 0
input_lab: probe 9 random q1 aim 149,211 aim_panel 157,149 first 179,235 settled 171,239 release 161,243 panel_first 133,179 panel_settled 129,171 panel_release 125,161 held 163 idle 640 samples 128 miss cal 0
input_lab: probe 10 random q1 aim 402,335 aim_panel 33,402 first 447,343 settled 447,343 release 447,343 panel_first 25,447 panel_settled 25,447 panel_release 25,447 held 104 idle 964 samples 119 miss cal 0
input_lab: probe 11 random q1 aim 433,133 aim_panel 235,433 first 447,161 settled 447,158 release 447,158 panel_first 207,447 panel_settled 210,447 panel_release 210,447 held 120 idle 630 samples 128 miss cal 0
input_lab: probe 12 random q1 aim 145,17 aim_panel 351,145 first 143,25 settled 143,25 release 140,26 panel_first 343,143 panel_settled 343,143 panel_release 342,140 held 139 idle 638 samples 128 miss cal 0
input_lab: probe 13 random q1 aim 135,122 aim_panel 246,135 first 116,122 settled 116,122 release 116,122 panel_first 246,116 panel_settled 246,116 panel_release 246,116 held 129 idle 667 samples 128 miss cal 0
input_lab: probe 14 random q1 aim 261,356 aim_panel 12,261 first 287,367 settled 289,367 release 289,367 panel_first 1,287 panel_settled 1,289 panel_release 1,289 held 114 idle 1619 samples 108 miss cal 0
input_lab: probe 15 random q1 aim 145,103 aim_panel 265,145 first 112,118 settled 112,118 release 112,118 panel_first 250,112 panel_settled 250,112 panel_release 250,112 held 111 idle 720 samples 128 miss cal 0
input_lab: probe 16 random q1 aim 188,342 aim_panel 26,188 first 193,364 settled 193,364 release 193,364 panel_first 4,193 panel_settled 4,193 panel_release 4,193 held 129 idle 675 samples 128 miss cal 0
input_lab: probe 17 random q1 aim 21,89 aim_panel 279,21 first 5,88 settled 5,88 release 5,88 panel_first 280,5 panel_settled 280,5 panel_release 280,5 held 105 idle 639 samples 98 miss cal 0
input_lab: probe 18 random q1 aim 424,293 aim_panel 75,424 first 447,317 settled 447,317 release 447,317 panel_first 51,447 panel_settled 51,447 panel_release 51,447 held 104 idle 1017 samples 119 miss cal 0
input_lab: probe 19 random q1 aim 32,50 aim_panel 318,32 first 13,62 settled 11,69 release 11,69 panel_first 306,13 panel_settled 299,11 panel_release 299,11 held 112 idle 738 samples 128 miss cal 0
input_lab: probe 20 random q1 aim 289,340 aim_panel 28,289 first 285,360 settled 289,360 release 289,360 panel_first 8,285 panel_settled 8,289 panel_release 8,289 held 95 idle 756 samples 109 miss cal 0
input_lab: probe 21 random q1 aim 44,245 aim_panel 123,44 first 11,283 settled 11,283 release 11,283 panel_first 85,11 panel_settled 85,11 panel_release 85,11 held 95 idle 612 samples 109 miss cal 0
input_lab: probe 22 random q1 aim 222,66 aim_panel 302,222 first 238,30 settled 239,33 release 239,33 panel_first 338,238 panel_settled 335,239 panel_release 335,239 held 95 idle 675 samples 109 miss cal 0
input_lab: probe 23 random q1 aim 96,202 aim_panel 166,96 first 96,223 settled 96,223 release 96,223 panel_first 145,96 panel_settled 145,96 panel_release 145,96 held 111 idle 631 samples 128 miss cal 0
input_lab: probe 24 random q1 aim 237,35 aim_panel 333,237 first 275,34 settled 275,34 release 275,34 panel_first 334,275 panel_settled 334,275 panel_release 334,275 held 103 idle 622 samples 119 miss cal 0
input_lab: probe 25 random q1 aim 195,225 aim_panel 143,195 first 226,239 settled 225,239 release 224,240 panel_first 129,226 panel_settled 129,225 panel_release 128,224 held 120 idle 631 samples 128 miss cal 0
input_lab: probe 26 random q1 aim 121,291 aim_panel 77,121 first 116,313 settled 116,313 release 115,313 panel_first 55,116 panel_settled 55,116 panel_release 55,115 held 155 idle 819 samples 128 miss cal 0
input_lab: probe 27 random q1 aim 286,127 aim_panel 241,286 first 338,119 settled 337,121 release 337,121 panel_first 249,338 panel_settled 247,337 panel_release 247,337 held 103 idle 712 samples 119 miss cal 0
input_lab: probe 28 random q1 aim 30,175 aim_panel 193,30 first 17,189 settled 17,189 release 17,189 panel_first 179,17 panel_settled 179,17 panel_release 179,17 held 104 idle 694 samples 119 miss cal 0
input_lab: probe 29 random q1 aim 27,267 aim_panel 101,27 first 26,299 settled 26,299 release 23,297 panel_first 69,26 panel_settled 69,26 panel_release 71,23 held 146 idle 665 samples 128 miss cal 0
input_lab: probe 30 random q1 aim 228,273 aim_panel 95,228 first 222,309 settled 222,309 release 223,308 panel_first 59,222 panel_settled 59,222 panel_release 60,223 held 120 idle 756 samples 128 miss cal 0
input_lab: probe 31 random q1 aim 371,346 aim_panel 22,371 first 409,349 settled 409,349 release 409,349 panel_first 19,409 panel_settled 19,409 panel_release 19,409 held 120 idle 865 samples 128 miss cal 0
input_lab: probe 32 random q1 aim 303,225 aim_panel 143,303 first 334,222 settled 334,225 release 334,225 panel_first 146,334 panel_settled 143,334 panel_release 143,334 held 120 idle 505 samples 128 miss cal 0
input_lab: probe 33 random q1 aim 382,205 aim_panel 163,382 first 419,208 settled 419,209 release 419,209 panel_first 160,419 panel_settled 159,419 panel_release 159,419 held 112 idle 612 samples 128 miss cal 0
input_lab: probe 34 random q1 aim 335,138 aim_panel 230,335 first 396,126 settled 396,130 release 396,133 panel_first 242,396 panel_settled 238,396 panel_release 235,396 held 128 idle 550 samples 128 miss cal 0
input_lab: probe 35 random q1 aim 235,203 aim_panel 165,235 first 256,204 settled 255,216 release 255,216 panel_first 164,256 panel_settled 152,255 panel_release 152,255 held 112 idle 657 samples 128 miss cal 0
input_lab: probe 36 random q1 aim 234,54 aim_panel 314,234 first 240,32 settled 240,32 release 241,35 panel_first 336,240 panel_settled 336,240 panel_release 333,241 held 129 idle 612 samples 128 miss cal 0
input_lab: probe 37 random q1 aim 202,323 aim_panel 45,202 first 204,331 settled 204,331 release 204,331 panel_first 37,204 panel_settled 37,204 panel_release 37,204 held 102 idle 702 samples 119 miss cal 0
input_lab: probe 38 random q1 aim 292,94 aim_panel 274,292 first 325,52 settled 328,56 release 328,56 panel_first 316,325 panel_settled 312,328 panel_release 312,328 held 121 idle 568 samples 128 miss cal 0
input_lab: probe 39 random q1 aim 147,256 aim_panel 112,147 first 140,283 settled 140,283 release 140,283 panel_first 85,140 panel_settled 85,140 panel_release 85,140 held 103 idle 784 samples 119 miss cal 0
input_lab: probe 40 random q1 aim 12,318 aim_panel 50,12 first 11,333 settled 11,333 release 11,333 panel_first 35,11 panel_settled 35,11 panel_release 35,11 held 137 idle 810 samples 128 miss cal 0
input_lab: probe 41 random q1 aim 362,350 aim_panel 18,362 first 426,362 settled 426,362 release 426,362 panel_first 6,426 panel_settled 6,426 panel_release 6,426 held 120 idle 1621 samples 128 miss cal 0
input_lab: probe 42 random q1 aim 115,129 aim_panel 239,115 first 106,158 settled 97,155 release 96,157 panel_first 210,106 panel_settled 213,97 panel_release 211,96 held 129 idle 649 samples 128 miss cal 0
input_lab: probe 43 random q1 aim 54,306 aim_panel 62,54 first 19,330 settled 18,331 release 18,331 panel_first 38,19 panel_settled 37,18 panel_release 37,18 held 104 idle 595 samples 119 miss cal 0
input_lab: probe 44 random q1 aim 143,38 aim_panel 330,143 first 133,47 settled 133,47 release 133,47 panel_first 321,133 panel_settled 321,133 panel_release 321,133 held 78 idle 684 samples 89 miss cal 0
input_lab: probe 45 random q1 aim 61,313 aim_panel 55,61 first 41,349 settled 41,349 release 41,349 panel_first 19,41 panel_settled 19,41 panel_release 19,41 held 103 idle 612 samples 118 miss cal 0
input_lab: probe 46 random q1 aim 94,248 aim_panel 120,94 first 64,253 settled 65,259 release 65,259 panel_first 115,64 panel_settled 109,65 panel_release 109,65 held 95 idle 586 samples 109 miss cal 0
input_lab: probe 47 random q1 aim 242,199 aim_panel 169,242 first 270,216 settled 276,225 release 276,225 panel_first 152,270 panel_settled 143,276 panel_release 143,276 held 112 idle 568 samples 128 miss cal 0
input_lab: probe 48 random q1 aim 294,139 aim_panel 229,294 first 347,122 settled 347,122 release 347,122 panel_first 246,347 panel_settled 246,347 panel_release 246,347 held 95 idle 928 samples 109 miss cal 0
input_lab: probe 49 random q1 aim 306,45 aim_panel 323,306 first 366,47 settled 366,47 release 367,47 panel_first 321,366 panel_settled 321,366 panel_release 321,367 held 120 idle 631 samples 128 miss cal 0
input_lab: probe 50 random q1 aim 196,37 aim_panel 331,196 first 207,34 settled 207,34 release 207,34 panel_first 334,207 panel_settled 334,207 panel_release 334,207 held 103 idle 612 samples 119 miss cal 0
input_lab: probe 51 random q1 aim 207,305 aim_panel 63,207 first 210,306 settled 210,306 release 210,306 panel_first 62,210 panel_settled 62,210 panel_release 62,210 held 103 idle 1187 samples 119 HIT cal 0
input_lab: probe 52 random q1 aim 46,57 aim_panel 311,46 first 60,80 settled 58,78 release 53,79 panel_first 288,60 panel_settled 290,58 panel_release 289,53 held 154 idle 522 samples 128 miss cal 0
input_lab: probe 53 random q1 aim 209,302 aim_panel 66,209 first 237,327 settled 237,327 release 237,327 panel_first 41,237 panel_settled 41,237 panel_release 41,237 held 104 idle 585 samples 119 miss cal 0
input_lab: probe 54 random q1 aim 267,126 aim_panel 242,267 first 284,115 settled 284,115 release 284,115 panel_first 253,284 panel_settled 253,284 panel_release 253,284 held 120 idle 441 samples 128 miss cal 0
input_lab: probe 55 random q1 aim 182,316 aim_panel 52,182 first 178,334 settled 178,334 release 178,334 panel_first 34,178 panel_settled 34,178 panel_release 34,178 held 129 idle 676 samples 128 miss cal 0
input_lab: probe 56 random q1 aim 26,136 aim_panel 232,26 first 14,129 settled 14,129 release 14,129 panel_first 239,14 panel_settled 239,14 panel_release 239,14 held 111 idle 549 samples 128 miss cal 0
input_lab: probe 57 random q1 aim 44,275 aim_panel 93,44 first 17,298 settled 17,298 release 17,298 panel_first 70,17 panel_settled 70,17 panel_release 70,17 held 103 idle 685 samples 118 miss cal 0
input_lab: probe 58 random q1 aim 210,220 aim_panel 148,210 first 210,251 settled 204,249 release 203,246 panel_first 117,210 panel_settled 119,204 panel_release 122,203 held 137 idle 667 samples 128 miss cal 0
input_lab: probe 59 random q1 aim 433,78 aim_panel 290,433 first 447,87 settled 447,88 release 447,88 panel_first 281,447 panel_settled 280,447 panel_release 280,447 held 120 idle 685 samples 128 miss cal 0
input_lab: probe 60 random q1 aim 415,92 aim_panel 276,415 first 447,91 settled 447,91 release 447,91 panel_first 277,447 panel_settled 277,447 panel_release 277,447 held 137 idle 972 samples 128 miss cal 0
input_lab: probe 1 grid q1 aim 224,97 aim_panel 271,224 first 218,88 settled 218,88 release 218,88 panel_first 280,218 panel_settled 280,218 panel_release 280,218 held 88 idle 1711 samples 78 miss cal 0
input_lab: probe 2 grid q1 aim 117,184 aim_panel 184,117 first 109,173 settled 109,173 release 109,173 panel_first 195,109 panel_settled 195,109 panel_release 195,109 held 122 idle 559 samples 118 miss cal 0
input_lab: probe 1 random q0 aim 91,336 aim_panel 91,336 first 65,357 settled 65,357 release 65,357 panel_first 65,357 panel_settled 65,357 panel_release 65,357 held 105 idle 6538 samples 98 miss cal 0
input_lab: probe 2 random q0 aim 272,217 aim_panel 272,217 first 304,243 settled 304,243 release 304,243 panel_first 304,243 panel_settled 304,243 panel_release 304,243 held 97 idle 604 samples 88 miss cal 0
input_lab: probe 3 random q0 aim 201,185 aim_panel 201,185 first 189,195 settled 189,195 release 190,193 panel_first 189,195 panel_settled 189,195 panel_release 190,193 held 116 idle 584 samples 88 miss cal 0
input_lab: probe 4 random q0 aim 60,286 aim_panel 60,286 first 62,327 settled 62,325 release 62,325 panel_first 62,327 panel_settled 62,325 panel_release 62,325 held 88 idle 577 samples 78 miss cal 0
input_lab: probe 5 random q0 aim 79,118 aim_panel 79,118 first 76,116 settled 76,116 release 76,116 panel_first 76,116 panel_settled 76,116 panel_release 76,116 held 105 idle 703 samples 98 HIT cal 0
input_lab: probe 6 random q0 aim 226,426 aim_panel 226,426 first 257,447 settled 257,447 release 257,447 panel_first 257,447 panel_settled 257,447 panel_release 257,447 held 114 idle 730 samples 108 miss cal 0
input_lab: probe 7 random q0 aim 72,81 aim_panel 72,81 first 102,104 settled 102,104 release 102,100 panel_first 102,104 panel_settled 102,104 panel_release 102,100 held 109 idle 918 samples 56 miss cal 0
input_lab: probe 8 random q0 aim 125,111 aim_panel 125,111 first 119,83 settled 119,83 release 119,83 panel_first 119,83 panel_settled 119,83 panel_release 119,83 held 89 idle 621 samples 78 miss cal 0
input_lab: probe 9 random q0 aim 196,73 aim_panel 196,73 first 213,80 settled 213,80 release 213,80 panel_first 213,80 panel_settled 213,80 panel_release 213,80 held 114 idle 2845 samples 107 miss cal 0
input_lab: probe 10 random q0 aim 278,196 aim_panel 278,196 first 323,224 settled 321,223 release 321,226 panel_first 323,224 panel_settled 321,223 panel_release 321,226 held 122 idle 594 samples 118 miss cal 0
input_lab: probe 11 random q0 aim 55,337 aim_panel 55,337 first 58,375 settled 58,375 release 58,375 panel_first 58,375 panel_settled 58,375 panel_release 58,375 held 123 idle 568 samples 117 miss cal 0
input_lab: probe 12 random q0 aim 336,320 aim_panel 336,320 first 361,403 settled 361,401 release 361,401 panel_first 361,403 panel_settled 361,401 panel_release 361,401 held 131 idle 630 samples 128 miss cal 0
input_lab: probe 13 random q0 aim 247,224 aim_panel 247,224 first 269,228 settled 269,228 release 269,231 panel_first 269,228 panel_settled 269,228 panel_release 269,231 held 129 idle 478 samples 128 miss cal 0
input_lab: probe 14 random q0 aim 51,215 aim_panel 51,215 first 62,249 settled 62,248 release 62,248 panel_first 62,249 panel_settled 62,248 panel_release 62,248 held 111 idle 514 samples 128 miss cal 0
input_lab: probe 15 random q0 aim 117,22 aim_panel 117,22 first 123,21 settled 123,21 release 123,21 panel_first 123,21 panel_settled 123,21 panel_release 123,21 held 89 idle 603 samples 78 miss cal 0
input_lab: probe 16 random q0 aim 237,410 aim_panel 237,410 first 253,447 settled 253,447 release 253,447 panel_first 253,447 panel_settled 253,447 panel_release 253,447 held 111 idle 657 samples 128 miss cal 0
input_lab: probe 17 random q0 aim 191,97 aim_panel 191,97 first 185,81 settled 185,81 release 185,81 panel_first 185,81 panel_settled 185,81 panel_release 185,81 held 120 idle 5372 samples 128 miss cal 0
input_lab: probe 18 random q0 aim 247,63 aim_panel 247,63 first 266,59 settled 266,59 release 266,60 panel_first 266,59 panel_settled 266,59 panel_release 266,60 held 180 idle 548 samples 128 miss cal 0
input_lab: probe 19 random q0 aim 38,418 aim_panel 38,418 first 5,447 settled 5,444 release 5,444 panel_first 5,447 panel_settled 5,444 panel_release 5,444 held 122 idle 667 samples 119 miss cal 0
input_lab: probe 20 random q0 aim 339,106 aim_panel 339,106 first 352,109 settled 352,109 release 352,109 panel_first 352,109 panel_settled 352,109 panel_release 352,109 held 95 idle 692 samples 109 miss cal 0
input_lab: probe 21 random q0 aim 128,419 aim_panel 128,419 first 150,447 settled 144,447 release 136,447 panel_first 150,447 panel_settled 144,447 panel_release 136,447 held 146 idle 639 samples 128 miss cal 0
input_lab: probe 22 random q0 aim 126,387 aim_panel 126,387 first 102,423 settled 102,423 release 102,423 panel_first 102,423 panel_settled 102,423 panel_release 102,423 held 129 idle 522 samples 128 miss cal 0
input_lab: probe 23 random q0 aim 237,106 aim_panel 237,106 first 260,112 settled 260,112 release 260,112 panel_first 260,112 panel_settled 260,112 panel_release 260,112 held 119 idle 676 samples 128 miss cal 0
input_lab: probe 24 random q0 aim 240,343 aim_panel 240,343 first 302,382 settled 297,379 release 296,379 panel_first 302,382 panel_settled 297,379 panel_release 296,379 held 146 idle 487 samples 128 miss cal 0
input_lab: probe 25 random q0 aim 177,31 aim_panel 177,31 first 184,28 settled 184,28 release 184,28 panel_first 184,28 panel_settled 184,28 panel_release 184,28 held 78 idle 559 samples 88 miss cal 0
input_lab: probe 26 random q0 aim 71,411 aim_panel 71,411 first 76,447 settled 76,447 release 76,447 panel_first 76,447 panel_settled 76,447 panel_release 76,447 held 137 idle 559 samples 128 miss cal 0
input_lab: probe 27 random q0 aim 203,294 aim_panel 203,294 first 255,344 settled 252,341 release 252,341 panel_first 255,344 panel_settled 252,341 panel_release 252,341 held 129 idle 460 samples 128 miss cal 0
input_lab: probe 28 random q0 aim 275,191 aim_panel 275,191 first 310,204 settled 310,204 release 310,204 panel_first 310,204 panel_settled 310,204 panel_release 310,204 held 112 idle 477 samples 128 miss cal 0
input_lab: probe 29 random q0 aim 327,105 aim_panel 327,105 first 343,117 settled 343,116 release 343,116 panel_first 343,117 panel_settled 343,116 panel_release 343,116 held 95 idle 550 samples 109 miss cal 0
input_lab: probe 30 random q0 aim 71,280 aim_panel 71,280 first 61,278 settled 62,280 release 62,280 panel_first 61,278 panel_settled 62,280 panel_release 62,280 held 119 idle 541 samples 128 miss cal 0
input_lab: probe 31 random q0 aim 350,418 aim_panel 350,418 first 48,325 settled 48,326 release 48,326 panel_first 48,325 panel_settled 48,326 panel_release 48,326 held 112 idle 540 samples 128 miss cal 0
input_lab: probe 32 random q0 aim 229,366 aim_panel 229,366 first 278,411 settled 278,411 release 278,411 panel_first 278,411 panel_settled 278,411 panel_release 278,411 held 137 idle 585 samples 128 miss cal 0
input_lab: probe 33 random q0 aim 157,396 aim_panel 157,396 first 177,447 settled 177,447 release 177,447 panel_first 177,447 panel_settled 177,447 panel_release 177,447 held 103 idle 532 samples 119 miss cal 0
input_lab: probe 34 random q0 aim 96,231 aim_panel 96,231 first 76,243 settled 76,242 release 79,245 panel_first 76,243 panel_settled 76,242 panel_release 79,245 held 121 idle 504 samples 128 miss cal 0
input_lab: probe 35 random q0 aim 332,39 aim_panel 332,39 first 361,19 settled 361,19 release 361,19 panel_first 361,19 panel_settled 361,19 panel_release 361,19 held 72 idle 1045 samples 59 miss cal 0
input_lab: probe 36 random q0 aim 33,378 aim_panel 33,378 first 32,438 settled 27,438 release 26,437 panel_first 32,438 panel_settled 27,438 panel_release 26,437 held 129 idle 845 samples 128 miss cal 0
input_lab: probe 37 random q0 aim 86,81 aim_panel 86,81 first 68,53 settled 70,55 release 71,57 panel_first 68,53 panel_settled 70,55 panel_release 71,57 held 154 idle 720 samples 128 miss cal 0
input_lab: probe 38 random q0 aim 174,65 aim_panel 174,65 first 200,55 settled 200,55 release 200,55 panel_first 200,55 panel_settled 200,55 panel_release 200,55 held 129 idle 657 samples 128 miss cal 0
input_lab: probe 39 random q0 aim 299,113 aim_panel 299,113 first 338,120 settled 338,120 release 338,120 panel_first 338,120 panel_settled 338,120 panel_release 338,120 held 129 idle 639 samples 128 miss cal 0
input_lab: probe 40 random q0 aim 267,162 aim_panel 267,162 first 274,146 settled 274,148 release 274,151 panel_first 274,146 panel_settled 274,148 panel_release 274,151 held 121 idle 586 samples 128 miss cal 0
input_lab: probe 41 random q0 aim 322,397 aim_panel 322,397 first 353,447 settled 353,447 release 353,447 panel_first 353,447 panel_settled 353,447 panel_release 353,447 held 120 idle 820 samples 128 miss cal 0
input_lab: probe 42 random q0 aim 103,173 aim_panel 103,173 first 108,178 settled 108,180 release 108,180 panel_first 108,178 panel_settled 108,180 panel_release 108,180 held 77 idle 611 samples 89 HIT cal 0
input_lab: probe 43 random q0 aim 284,327 aim_panel 284,327 first 327,327 settled 327,327 release 327,329 panel_first 327,327 panel_settled 327,327 panel_release 327,329 held 120 idle 864 samples 128 miss cal 0
input_lab: probe 44 random q0 aim 67,264 aim_panel 67,264 first 71,298 settled 71,297 release 71,297 panel_first 71,298 panel_settled 71,297 panel_release 71,297 held 104 idle 667 samples 119 miss cal 0
input_lab: probe 45 random q0 aim 329,209 aim_panel 329,209 first 350,233 settled 350,233 release 350,233 panel_first 350,233 panel_settled 350,233 panel_release 350,233 held 112 idle 548 samples 128 miss cal 0
input_lab: probe 46 random q0 aim 190,312 aim_panel 190,312 first 209,357 settled 209,357 release 209,357 panel_first 209,357 panel_settled 209,357 panel_release 209,357 held 146 idle 640 samples 128 miss cal 0
input_lab: probe 47 random q0 aim 327,51 aim_panel 327,51 first 367,40 settled 367,40 release 367,40 panel_first 367,40 panel_settled 367,40 panel_release 367,40 held 131 idle 702 samples 128 miss cal 0
input_lab: probe 48 random q0 aim 349,355 aim_panel 349,355 first 356,396 settled 356,396 release 356,396 panel_first 356,396 panel_settled 356,396 panel_release 356,396 held 129 idle 719 samples 128 miss cal 0
input_lab: probe 49 random q0 aim 288,197 aim_panel 288,197 first 324,197 settled 324,197 release 324,200 panel_first 324,197 panel_settled 324,197 panel_release 324,200 held 154 idle 621 samples 128 miss cal 0
input_lab: probe 50 random q0 aim 102,414 aim_panel 102,414 first 66,438 settled 66,438 release 66,438 panel_first 66,438 panel_settled 66,438 panel_release 66,438 held 112 idle 620 samples 128 miss cal 0
input_lab: probe 51 random q0 aim 100,215 aim_panel 100,215 first 96,222 settled 96,229 release 96,229 panel_first 96,222 panel_settled 96,229 panel_release 96,229 held 120 idle 541 samples 128 miss cal 0
input_lab: probe 52 random q0 aim 298,248 aim_panel 298,248 first 328,308 settled 328,308 release 328,309 panel_first 328,308 panel_settled 328,308 panel_release 328,309 held 120 idle 647 samples 128 miss cal 0
input_lab: probe 53 random q0 aim 326,401 aim_panel 326,401 first 367,447 settled 367,447 release 367,447 panel_first 367,447 panel_settled 367,447 panel_release 367,447 held 138 idle 1448 samples 128 miss cal 0
input_lab: probe 54 random q0 aim 62,20 aim_panel 62,20 first 53,2 settled 57,10 release 57,10 panel_first 53,2 panel_settled 57,10 panel_release 57,10 held 122 idle 729 samples 118 miss cal 0
input_lab: probe 55 random q0 aim 219,341 aim_panel 219,341 first 232,376 settled 232,376 release 232,376 panel_first 232,376 panel_settled 232,376 panel_release 232,376 held 78 idle 640 samples 89 miss cal 0
input_lab: probe 56 random q0 aim 210,114 aim_panel 210,114 first 214,117 settled 220,130 release 225,140 panel_first 214,117 panel_settled 220,130 panel_release 225,140 held 129 idle 648 samples 128 HIT cal 0
input_lab: probe 57 random q0 aim 102,311 aim_panel 102,311 first 96,372 settled 94,369 release 93,369 panel_first 96,372 panel_settled 94,369 panel_release 93,369 held 129 idle 523 samples 128 miss cal 0
input_lab: probe 58 random q0 aim 200,204 aim_panel 200,204 first 207,244 settled 207,243 release 207,243 panel_first 207,244 panel_settled 207,243 panel_release 207,243 held 112 idle 449 samples 128 miss cal 0
input_lab: probe 59 random q0 aim 95,159 aim_panel 95,159 first 62,167 settled 62,167 release 62,167 panel_first 62,167 panel_settled 62,167 panel_release 62,167 held 95 idle 549 samples 109 miss cal 0
input_lab: probe 60 random q0 aim 337,96 aim_panel 337,96 first 361,105 settled 361,106 release 361,106 panel_first 361,105 panel_settled 361,106 panel_release 361,106 held 95 idle 530 samples 109 miss cal 0
input_lab: probe 61 random q0 aim 217,370 aim_panel 217,370 first 265,434 settled 265,434 release 265,434 panel_first 265,434 panel_settled 265,434 panel_release 265,434 held 111 idle 658 samples 128 miss cal 0
input_lab: probe 1 grid q1 aim 10,271 aim_panel 97,10 first 1,324 settled 1,327 release 1,327 panel_first 44,1 panel_settled 41,1 panel_release 41,1 held 94 idle 6482 samples 37 miss cal 0
input_lab: probe 2 grid q1 aim 10,184 aim_panel 184,10 first 13,183 settled 11,189 release 11,189 panel_first 185,13 panel_settled 179,11 panel_release 179,11 held 87 idle 522 samples 77 HIT cal 0
input_lab: probe 3 grid q1 aim 331,271 aim_panel 97,331 first 378,292 settled 378,292 release 378,292 panel_first 76,378 panel_settled 76,378 panel_release 76,378 held 71 idle 1485 samples 58 miss cal 0
input_lab: probe 4 grid q1 aim 224,97 aim_panel 271,224 first 290,85 settled 290,85 release 292,90 panel_first 283,290 panel_settled 283,290 panel_release 278,292 held 122 idle 594 samples 118 miss cal 0
input_lab: probe 5 grid q1 aim 438,358 aim_panel 10,438 first 31,34 settled 31,34 release 30,39 panel_first 334,31 panel_settled 334,31 panel_release 329,30 held 343 idle 2607 samples 128 miss cal 0
input_lab: probe 6 grid q1 aim 331,10 aim_panel 358,331 first 388,29 settled 381,25 release 369,25 panel_first 339,388 panel_settled 343,381 panel_release 343,369 held 164 idle 773 samples 95 miss cal 0
input_lab: probe 7 grid q1 aim 224,271 aim_panel 97,224 first 242,293 settled 233,294 release 233,294 panel_first 75,242 panel_settled 74,233 panel_release 74,233 held 112 idle 594 samples 128 miss cal 0
